
Optional file libmchp_peripheral.a not found

Optional file libmchp_peripheral_32MX250F128B.a not found
Archive member included because of file (symbol)

c:/program files (x86)/microchip/xc32/v2.05/bin/bin/../../lib/gcc/pic32mx/4.8.3/../../../../pic32mx/lib\libpic32.a(memcpy.o)
                              build/default/production/_ext/610166344/usb_device.o (memcpy)
c:/program files (x86)/microchip/xc32/v2.05/bin/bin/../../lib/gcc/pic32mx/4.8.3/../../../../pic32mx/lib\libpic32.a(default-bootstrap-exception-handler.o)
                              c:/program files (x86)/microchip/xc32/v2.05/bin/bin/../../lib/gcc/pic32mx/4.8.3/../../../../pic32mx/lib/./proc/32MX250F128B/crt0_mips32r2.o (_bootstrap_exception_handler)
c:/program files (x86)/microchip/xc32/v2.05/bin/bin/../../lib/gcc/pic32mx/4.8.3/../../../../pic32mx/lib\libpic32.a(default-on-reset.o)
                              c:/program files (x86)/microchip/xc32/v2.05/bin/bin/../../lib/gcc/pic32mx/4.8.3/../../../../pic32mx/lib/./proc/32MX250F128B/crt0_mips32r2.o (_on_reset)
c:/program files (x86)/microchip/xc32/v2.05/bin/bin/../../lib/gcc/pic32mx/4.8.3/../../../../pic32mx/lib\libpic32.a(default-on-bootstrap.o)
                              c:/program files (x86)/microchip/xc32/v2.05/bin/bin/../../lib/gcc/pic32mx/4.8.3/../../../../pic32mx/lib/./proc/32MX250F128B/crt0_mips32r2.o (_on_bootstrap)
c:/program files (x86)/microchip/xc32/v2.05/bin/bin/../../lib/gcc/pic32mx/4.8.3/../../../../pic32mx/lib\libpic32.a(default-nmi-handler.o)
                              c:/program files (x86)/microchip/xc32/v2.05/bin/bin/../../lib/gcc/pic32mx/4.8.3/../../../../pic32mx/lib/./proc/32MX250F128B/crt0_mips32r2.o (_nmi_handler)
c:/program files (x86)/microchip/xc32/v2.05/bin/bin/../../lib/gcc/pic32mx/4.8.3/../../../../pic32mx/lib\libpic32.a(general-exception.o)
                              c:/program files (x86)/microchip/xc32/v2.05/bin/bin/../../lib/gcc/pic32mx/4.8.3/../../../../pic32mx/lib/./proc/32MX250F128B/crt0_mips32r2.o (_general_exception_context)
c:/program files (x86)/microchip/xc32/v2.05/bin/bin/../../lib/gcc/pic32mx/4.8.3/../../../../pic32mx/lib\libpic32.a(vector0.o)
                              c:/program files (x86)/microchip/xc32/v2.05/bin/bin/../../lib/gcc/pic32mx/4.8.3/../../../../pic32mx/lib/./proc/32MX250F128B\default_isr_vectors.o (__vector_dispatch_0)
c:/program files (x86)/microchip/xc32/v2.05/bin/bin/../../lib/gcc/pic32mx/4.8.3/../../../../pic32mx/lib\libpic32.a(vector1.o)
                              c:/program files (x86)/microchip/xc32/v2.05/bin/bin/../../lib/gcc/pic32mx/4.8.3/../../../../pic32mx/lib/./proc/32MX250F128B\default_isr_vectors.o (__vector_dispatch_1)
c:/program files (x86)/microchip/xc32/v2.05/bin/bin/../../lib/gcc/pic32mx/4.8.3/../../../../pic32mx/lib\libpic32.a(vector2.o)
                              c:/program files (x86)/microchip/xc32/v2.05/bin/bin/../../lib/gcc/pic32mx/4.8.3/../../../../pic32mx/lib/./proc/32MX250F128B\default_isr_vectors.o (__vector_dispatch_2)
c:/program files (x86)/microchip/xc32/v2.05/bin/bin/../../lib/gcc/pic32mx/4.8.3/../../../../pic32mx/lib\libpic32.a(vector3.o)
                              c:/program files (x86)/microchip/xc32/v2.05/bin/bin/../../lib/gcc/pic32mx/4.8.3/../../../../pic32mx/lib/./proc/32MX250F128B\default_isr_vectors.o (__vector_dispatch_3)
c:/program files (x86)/microchip/xc32/v2.05/bin/bin/../../lib/gcc/pic32mx/4.8.3/../../../../pic32mx/lib\libpic32.a(vector4.o)
                              c:/program files (x86)/microchip/xc32/v2.05/bin/bin/../../lib/gcc/pic32mx/4.8.3/../../../../pic32mx/lib/./proc/32MX250F128B\default_isr_vectors.o (__vector_dispatch_4)
c:/program files (x86)/microchip/xc32/v2.05/bin/bin/../../lib/gcc/pic32mx/4.8.3/../../../../pic32mx/lib\libpic32.a(vector5.o)
                              c:/program files (x86)/microchip/xc32/v2.05/bin/bin/../../lib/gcc/pic32mx/4.8.3/../../../../pic32mx/lib/./proc/32MX250F128B\default_isr_vectors.o (__vector_dispatch_5)
c:/program files (x86)/microchip/xc32/v2.05/bin/bin/../../lib/gcc/pic32mx/4.8.3/../../../../pic32mx/lib\libpic32.a(vector6.o)
                              c:/program files (x86)/microchip/xc32/v2.05/bin/bin/../../lib/gcc/pic32mx/4.8.3/../../../../pic32mx/lib/./proc/32MX250F128B\default_isr_vectors.o (__vector_dispatch_6)
c:/program files (x86)/microchip/xc32/v2.05/bin/bin/../../lib/gcc/pic32mx/4.8.3/../../../../pic32mx/lib\libpic32.a(vector7.o)
                              c:/program files (x86)/microchip/xc32/v2.05/bin/bin/../../lib/gcc/pic32mx/4.8.3/../../../../pic32mx/lib/./proc/32MX250F128B\default_isr_vectors.o (__vector_dispatch_7)
c:/program files (x86)/microchip/xc32/v2.05/bin/bin/../../lib/gcc/pic32mx/4.8.3/../../../../pic32mx/lib\libpic32.a(vector9.o)
                              c:/program files (x86)/microchip/xc32/v2.05/bin/bin/../../lib/gcc/pic32mx/4.8.3/../../../../pic32mx/lib/./proc/32MX250F128B\default_isr_vectors.o (__vector_dispatch_9)
[...]
Memory Configuration

Name             Origin             Length             Attributes
kseg0_program_mem 0x9d000000         0x0001f000         xr
exception_mem    0x9d01f000         0x00001000
debug_exec_mem   0x9fc00490         0x00000760
kseg0_boot_mem   0x9fc00490         0x00000000
kseg1_boot_mem   0xbfc00000         0x00000490
config3          0xbfc00bf0         0x00000004
config2          0xbfc00bf4         0x00000004
config1          0xbfc00bf8         0x00000004
config0          0xbfc00bfc         0x00000004
kseg1_data_mem   0xa0000000         0x00008000         w !x
sfrs             0xbf800000         0x00100000
configsfrs       0xbfc00bf0         0x00000010
*default*        0x00000000         0xffffffff

Linker script and memory map

LOAD c:/program files (x86)/microchip/xc32/v2.05/bin/bin/../../lib/gcc/pic32mx/4.8.3/../../../../pic32mx/lib/./proc/32MX250F128B/crt0_mips32r2.o
LOAD c:/program files (x86)/microchip/xc32/v2.05/bin/bin/../../lib/gcc/pic32mx/4.8.3/../../../../pic32mx/lib\debug-exception-return.o
LOAD build/default/production/_ext/639803181/sys_clk_pic32mx.o
LOAD build/default/production/_ext/340578644/sys_devcon.o
LOAD build/default/production/_ext/340578644/sys_devcon_pic32mx.o
LOAD build/default/production/_ext/822048611/sys_ports_static.o
LOAD build/default/production/_ext/1688732426/system_init.o
LOAD build/default/production/_ext/1688732426/system_interrupt.o
LOAD build/default/production/_ext/1688732426/system_exceptions.o
LOAD build/default/production/_ext/1688732426/system_tasks.o
LOAD build/default/production/_ext/1360937237/app.o
LOAD build/default/production/_ext/1360937237/main.o
LOAD build/default/production/_ext/764219029/drv_usbfs.o
LOAD build/default/production/_ext/764219029/drv_usbfs_device.o
LOAD build/default/production/_ext/122796885/sys_int_pic32.o
LOAD build/default/production/_ext/610166344/usb_device.o
LOAD build/default/production/_ext/610166344/usb_device_hid.o
LOAD ..\..\..\..\bin\framework\peripheral\PIC32MX250F128B_peripherals.a
                0x00000001                __MPLAB_BUILD = 0x1
                0x00000000                _min_heap_size = 0x0
LOAD c:/program files (x86)/microchip/xc32/v2.05/bin/bin/../../lib/gcc/pic32mx/4.8.3/../../../../pic32mx/lib/./proc/32MX250F128B\default_isr_vectors.o
LOAD c:/program files (x86)/microchip/xc32/v2.05/bin/bin/../../lib/gcc/pic32mx/4.8.3/../../../../pic32mx/lib\pic32_software_reset.o
                0x00000400                PROVIDE (_min_stack_size, 0x400)
LOAD c:/program files (x86)/microchip/xc32/v2.05/bin/bin/../../lib/gcc/pic32mx/4.8.3/../../../../pic32mx/lib/./proc/32MX250F128B\processor.o
START GROUP
LOAD libmchp_peripheral.a
END GROUP
START GROUP
LOAD libmchp_peripheral_32MX250F128B.a
END GROUP
                0x00000001                PROVIDE (_vector_spacing, 0x1)
                0x9d01f000                PROVIDE (_ebase_address, 0x9d01f000)
                0xbfc00000                _RESET_ADDR = 0xbfc00000
                0xbfc00380                _BEV_EXCPT_ADDR = 0xbfc00380
                0xbfc00480                _DBG_EXCPT_ADDR = 0xbfc00480
                0x9fc00490                _DBG_CODE_ADDR = 0x9fc00490
                0x00000760                _DBG_CODE_SIZE = 0x760
                0x9d01f180                _GEN_EXCPT_ADDR = (_ebase_address + 0x180)

.config_BFC00BF0
                0xbfc00bf0        0x4
 *(.config_BFC00BF0)
 .config_BFC00BF0
                0xbfc00bf0        0x4 build/default/production/_ext/1688732426/system_init.o

.config_BFC00BF4
                0xbfc00bf4        0x4
 *(.config_BFC00BF4)
 .config_BFC00BF4
                0xbfc00bf4        0x4 build/default/production/_ext/1688732426/system_init.o

.config_BFC00BF8
                0xbfc00bf8        0x4
 *(.config_BFC00BF8)
 .config_BFC00BF8
                0xbfc00bf8        0x4 build/default/production/_ext/1688732426/system_init.o

.config_BFC00BFC
                0xbfc00bfc        0x4
 *(.config_BFC00BFC)
 .config_BFC00BFC
                0xbfc00bfc        0x4 build/default/production/_ext/1688732426/system_init.o
                0xbfc02000                PROVIDE (_DBG_CODE_ADDR, 0xbfc02000)
                0x00000ff0                PROVIDE (_DBG_CODE_SIZE, 0xff0)

.reset          0xbfc00000      0x1e4
 *(.reset)
 .reset         0xbfc00000        0x8 c:/program files (x86)/microchip/xc32/v2.05/bin/bin/../../lib/gcc/pic32mx/4.8.3/../../../../pic32mx/lib/./proc/32MX250F128B/crt0_mips32r2.o
                0xbfc00000                _reset
 *(.reset.startup)
 .reset.startup
                0xbfc00008      0x1dc c:/program files (x86)/microchip/xc32/v2.05/bin/bin/../../lib/gcc/pic32mx/4.8.3/../../../../pic32mx/lib/./proc/32MX250F128B/crt0_mips32r2.o
                0xbfc00008                _startup

.bev_excpt      0xbfc00380       0x10
 *(.bev_handler)
 .bev_handler   0xbfc00380       0x10 c:/program files (x86)/microchip/xc32/v2.05/bin/bin/../../lib/gcc/pic32mx/4.8.3/../../../../pic32mx/lib/./proc/32MX250F128B/crt0_mips32r2.o

.dbg_excpt      0xbfc00480        0x0
                0xbfc00480                . = (. + DEFINED (_DEBUGGER)?0x8:0x0)

.dbg_code       0x9fc00490        0x0
                0x9fc00490                . = (. + DEFINED (_DEBUGGER)?_DBG_CODE_SIZE:0x0)

.app_excpt      0x9d01f180       0x10
 *(.gen_handler)
 .gen_handler   0x9d01f180       0x10 c:/program files (x86)/microchip/xc32/v2.05/bin/bin/../../lib/gcc/pic32mx/4.8.3/../../../../pic32mx/lib/./proc/32MX250F128B/crt0_mips32r2.o

.vector_0       0x9d01f200        0x8
 *(.vector_0)
 .vector_0      0x9d01f200        0x8 c:/program files (x86)/microchip/xc32/v2.05/bin/bin/../../lib/gcc/pic32mx/4.8.3/../../../../pic32mx/lib\libpic32.a(vector0.o)
                0x9d01f200                __vector_dispatch_0
                0x00000001                ASSERT (((_vector_spacing == 0x0) || (SIZEOF (.vector_0) <= (_vector_spacing << 0x5))), function at exception vector 0 too large)

.vector_1       0x9d01f220        0x8
 *(.vector_1)
 .vector_1      0x9d01f220        0x8 c:/program files (x86)/microchip/xc32/v2.05/bin/bin/../../lib/gcc/pic32mx/4.8.3/../../../../pic32mx/lib\libpic32.a(vector1.o)
                0x9d01f220                __vector_dispatch_1
                0x00000001                ASSERT (((_vector_spacing == 0x0) || (SIZEOF (.vector_1) <= (_vector_spacing << 0x5))), function at exception vector 1 too large)

.vector_2       0x9d01f240        0x8
 *(.vector_2)
 .vector_2      0x9d01f240        0x8 c:/program files (x86)/microchip/xc32/v2.05/bin/bin/../../lib/gcc/pic32mx/4.8.3/../../../../pic32mx/lib\libpic32.a(vector2.o)
                0x9d01f240                __vector_dispatch_2
                0x00000001                ASSERT (((_vector_spacing == 0x0) || (SIZEOF (.vector_2) <= (_vector_spacing << 0x5))), function at exception vector 2 too large)

.vector_3       0x9d01f260        0x8
 *(.vector_3)
 .vector_3      0x9d01f260        0x8 c:/program files (x86)/microchip/xc32/v2.05/bin/bin/../../lib/gcc/pic32mx/4.8.3/../../../../pic32mx/lib\libpic32.a(vector3.o)
                0x9d01f260                __vector_dispatch_3
                0x00000001                ASSERT (((_vector_spacing == 0x0) || (SIZEOF (.vector_3) <= (_vector_spacing << 0x5))), function at exception vector 3 too large)

.vector_4       0x9d01f280        0x8
 *(.vector_4)
 .vector_4      0x9d01f280        0x8 c:/program files (x86)/microchip/xc32/v2.05/bin/bin/../../lib/gcc/pic32mx/4.8.3/../../../../pic32mx/lib\libpic32.a(vector4.o)
                0x9d01f280                __vector_dispatch_4
                0x00000001                ASSERT (((_vector_spacing == 0x0) || (SIZEOF (.vector_4) <= (_vector_spacing << 0x5))), function at exception vector 4 too large)

.vector_5       0x9d01f2a0        0x8
 *(.vector_5)
 .vector_5      0x9d01f2a0        0x8 c:/program files (x86)/microchip/xc32/v2.05/bin/bin/../../lib/gcc/pic32mx/4.8.3/../../../../pic32mx/lib\libpic32.a(vector5.o)
                0x9d01f2a0                __vector_dispatch_5
                0x00000001                ASSERT (((_vector_spacing == 0x0) || (SIZEOF (.vector_5) <= (_vector_spacing << 0x5))), function at exception vector 5 too large)

.vector_6       0x9d01f2c0        0x8
 *(.vector_6)
 .vector_6      0x9d01f2c0        0x8 c:/program files (x86)/microchip/xc32/v2.05/bin/bin/../../lib/gcc/pic32mx/4.8.3/../../../../pic32mx/lib\libpic32.a(vector6.o)
                0x9d01f2c0                __vector_dispatch_6
                0x00000001                ASSERT (((_vector_spacing == 0x0) || (SIZEOF (.vector_6) <= (_vector_spacing << 0x5))), function at exception vector 6 too large)

.vector_7       0x9d01f2e0        0x8
 *(.vector_7)
 .vector_7      0x9d01f2e0        0x8 c:/program files (x86)/microchip/xc32/v2.05/bin/bin/../../lib/gcc/pic32mx/4.8.3/../../../../pic32mx/lib\libpic32.a(vector7.o)
                0x9d01f2e0                __vector_dispatch_7
                0x00000001                ASSERT (((_vector_spacing == 0x0) || (SIZEOF (.vector_7) <= (_vector_spacing << 0x5))), function at exception vector 7 too large)

.vector_8       0x9d01f300        0x8
 *(.vector_8)
 .vector_8      0x9d01f300        0x8 build/default/production/_ext/1360937237/main.o
                0x9d01f300                __vector_dispatch_8
                0x00000001                ASSERT (((_vector_spacing == 0x0) || (SIZEOF (.vector_8) <= (_vector_spacing << 0x5))), function at exception vector 8 too large)

.vector_9       0x9d01f320        0x8
 *(.vector_9)
 .vector_9      0x9d01f320        0x8 c:/program files (x86)/microchip/xc32/v2.05/bin/bin/../../lib/gcc/pic32mx/4.8.3/../../../../pic32mx/lib\libpic32.a(vector9.o)
                0x9d01f320                __vector_dispatch_9
                0x00000001                ASSERT (((_vector_spacing == 0x0) || (SIZEOF (.vector_9) <= (_vector_spacing << 0x5))), function at exception vector 9 too large)

.vector_10      0x9d01f340        0x8
 *(.vector_10)
 .vector_10     0x9d01f340        0x8 c:/program files (x86)/microchip/xc32/v2.05/bin/bin/../../lib/gcc/pic32mx/4.8.3/../../../../pic32mx/lib\libpic32.a(vector10.o)
                0x9d01f340                __vector_dispatch_10
                0x00000001                ASSERT (((_vector_spacing == 0x0) || (SIZEOF (.vector_10) <= (_vector_spacing << 0x5))), function at exception vector 10 too large)

.vector_11      0x9d01f360        0x8
 *(.vector_11)
 .vector_11     0x9d01f360        0x8 c:/program files (x86)/microchip/xc32/v2.05/bin/bin/../../lib/gcc/pic32mx/4.8.3/../../../../pic32mx/lib\libpic32.a(vector11.o)
                0x9d01f360                __vector_dispatch_11
                0x00000001                ASSERT (((_vector_spacing == 0x0) || (SIZEOF (.vector_11) <= (_vector_spacing << 0x5))), function at exception vector 11 too large)

.vector_12      0x9d01f380        0x8
 *(.vector_12)
 .vector_12     0x9d01f380        0x8 c:/program files (x86)/microchip/xc32/v2.05/bin/bin/../../lib/gcc/pic32mx/4.8.3/../../../../pic32mx/lib\libpic32.a(vector12.o)
                0x9d01f380                __vector_dispatch_12
                0x00000001                ASSERT (((_vector_spacing == 0x0) || (SIZEOF (.vector_12) <= (_vector_spacing << 0x5))), function at exception vector 12 too large)

.vector_13      0x9d01f3a0        0x8
 *(.vector_13)
 .vector_13     0x9d01f3a0        0x8 c:/program files (x86)/microchip/xc32/v2.05/bin/bin/../../lib/gcc/pic32mx/4.8.3/../../../../pic32mx/lib\libpic32.a(vector13.o)
                0x9d01f3a0                __vector_dispatch_13
                0x00000001                ASSERT (((_vector_spacing == 0x0) || (SIZEOF (.vector_13) <= (_vector_spacing << 0x5))), function at exception vector 13 too large)

.vector_14      0x9d01f3c0        0x8
 *(.vector_14)
 .vector_14     0x9d01f3c0        0x8 c:/program files (x86)/microchip/xc32/v2.05/bin/bin/../../lib/gcc/pic32mx/4.8.3/../../../../pic32mx/lib\libpic32.a(vector14.o)
                0x9d01f3c0                __vector_dispatch_14
                0x00000001                ASSERT (((_vector_spacing == 0x0) || (SIZEOF (.vector_14) <= (_vector_spacing << 0x5))), function at exception vector 14 too large)

.vector_15      0x9d01f3e0        0x8
 *(.vector_15)
 .vector_15     0x9d01f3e0        0x8 c:/program files (x86)/microchip/xc32/v2.05/bin/bin/../../lib/gcc/pic32mx/4.8.3/../../../../pic32mx/lib\libpic32.a(vector15.o)
                0x9d01f3e0                __vector_dispatch_15
                0x00000001                ASSERT (((_vector_spacing == 0x0) || (SIZEOF (.vector_15) <= (_vector_spacing << 0x5))), function at exception vector 15 too large)

.vector_16      0x9d01f400        0x8
 *(.vector_16)
 .vector_16     0x9d01f400        0x8 c:/program files (x86)/microchip/xc32/v2.05/bin/bin/../../lib/gcc/pic32mx/4.8.3/../../../../pic32mx/lib\libpic32.a(vector16.o)
                0x9d01f400                __vector_dispatch_16
                0x00000001                ASSERT (((_vector_spacing == 0x0) || (SIZEOF (.vector_16) <= (_vector_spacing << 0x5))), function at exception vector 16 too large)

.vector_17      0x9d01f420        0x8
 *(.vector_17)
 .vector_17     0x9d01f420        0x8 c:/program files (x86)/microchip/xc32/v2.05/bin/bin/../../lib/gcc/pic32mx/4.8.3/../../../../pic32mx/lib\libpic32.a(vector17.o)
                0x9d01f420                __vector_dispatch_17
                0x00000001                ASSERT (((_vector_spacing == 0x0) || (SIZEOF (.vector_17) <= (_vector_spacing << 0x5))), function at exception vector 17 too large)

.vector_18      0x9d01f440        0x8
 *(.vector_18)
 .vector_18     0x9d01f440        0x8 c:/program files (x86)/microchip/xc32/v2.05/bin/bin/../../lib/gcc/pic32mx/4.8.3/../../../../pic32mx/lib\libpic32.a(vector18.o)
                0x9d01f440                __vector_dispatch_18
                0x00000001                ASSERT (((_vector_spacing == 0x0) || (SIZEOF (.vector_18) <= (_vector_spacing << 0x5))), function at exception vector 18 too large)

.vector_19      0x9d01f460        0x8
 *(.vector_19)
 .vector_19     0x9d01f460        0x8 c:/program files (x86)/microchip/xc32/v2.05/bin/bin/../../lib/gcc/pic32mx/4.8.3/../../../../pic32mx/lib\libpic32.a(vector19.o)
                0x9d01f460                __vector_dispatch_19
                0x00000001                ASSERT (((_vector_spacing == 0x0) || (SIZEOF (.vector_19) <= (_vector_spacing << 0x5))), function at exception vector 19 too large)

.vector_20      0x9d01f480        0x8
 *(.vector_20)
 .vector_20     0x9d01f480        0x8 c:/program files (x86)/microchip/xc32/v2.05/bin/bin/../../lib/gcc/pic32mx/4.8.3/../../../../pic32mx/lib\libpic32.a(vector20.o)
                0x9d01f480                __vector_dispatch_20
                0x00000001                ASSERT (((_vector_spacing == 0x0) || (SIZEOF (.vector_20) <= (_vector_spacing << 0x5))), function at exception vector 20 too large)

.vector_21      0x9d01f4a0        0x8
 *(.vector_21)
 .vector_21     0x9d01f4a0        0x8 c:/program files (x86)/microchip/xc32/v2.05/bin/bin/../../lib/gcc/pic32mx/4.8.3/../../../../pic32mx/lib\libpic32.a(vector21.o)
                0x9d01f4a0                __vector_dispatch_21
                0x00000001                ASSERT (((_vector_spacing == 0x0) || (SIZEOF (.vector_21) <= (_vector_spacing << 0x5))), function at exception vector 21 too large)

.vector_22      0x9d01f4c0        0x8
 *(.vector_22)
 .vector_22     0x9d01f4c0        0x8 c:/program files (x86)/microchip/xc32/v2.05/bin/bin/../../lib/gcc/pic32mx/4.8.3/../../../../pic32mx/lib\libpic32.a(vector22.o)
                0x9d01f4c0                __vector_dispatch_22
                0x00000001                ASSERT (((_vector_spacing == 0x0) || (SIZEOF (.vector_22) <= (_vector_spacing << 0x5))), function at exception vector 22 too large)

.vector_23      0x9d01f4e0        0x8
 *(.vector_23)
 .vector_23     0x9d01f4e0        0x8 build/default/production/_ext/1360937237/main.o
                0x9d01f4e0                __vector_dispatch_23
                0x00000001                ASSERT (((_vector_spacing == 0x0) || (SIZEOF (.vector_23) <= (_vector_spacing << 0x5))), function at exception vector 23 too large)

.vector_24      0x9d01f500        0x8
 *(.vector_24)
 .vector_24     0x9d01f500        0x8 c:/program files (x86)/microchip/xc32/v2.05/bin/bin/../../lib/gcc/pic32mx/4.8.3/../../../../pic32mx/lib\libpic32.a(vector24.o)
                0x9d01f500                __vector_dispatch_24
                0x00000001                ASSERT (((_vector_spacing == 0x0) || (SIZEOF (.vector_24) <= (_vector_spacing << 0x5))), function at exception vector 24 too large)

.vector_25      0x9d01f520        0x8
 *(.vector_25)
 .vector_25     0x9d01f520        0x8 c:/program files (x86)/microchip/xc32/v2.05/bin/bin/../../lib/gcc/pic32mx/4.8.3/../../../../pic32mx/lib\libpic32.a(vector25.o)
                0x9d01f520                __vector_dispatch_25
                0x00000001                ASSERT (((_vector_spacing == 0x0) || (SIZEOF (.vector_25) <= (_vector_spacing << 0x5))), function at exception vector 25 too large)

.vector_26      0x9d01f540        0x8
 *(.vector_26)
 .vector_26     0x9d01f540        0x8 c:/program files (x86)/microchip/xc32/v2.05/bin/bin/../../lib/gcc/pic32mx/4.8.3/../../../../pic32mx/lib\libpic32.a(vector26.o)
                0x9d01f540                __vector_dispatch_26
                0x00000001                ASSERT (((_vector_spacing == 0x0) || (SIZEOF (.vector_26) <= (_vector_spacing << 0x5))), function at exception vector 26 too large)

.vector_27      0x9d01f560        0x8
 *(.vector_27)
 .vector_27     0x9d01f560        0x8 c:/program files (x86)/microchip/xc32/v2.05/bin/bin/../../lib/gcc/pic32mx/4.8.3/../../../../pic32mx/lib\libpic32.a(vector27.o)
                0x9d01f560                __vector_dispatch_27
                0x00000001                ASSERT (((_vector_spacing == 0x0) || (SIZEOF (.vector_27) <= (_vector_spacing << 0x5))), function at exception vector 27 too large)

.vector_28      0x9d01f580        0x8
 *(.vector_28)
 .vector_28     0x9d01f580        0x8 c:/program files (x86)/microchip/xc32/v2.05/bin/bin/../../lib/gcc/pic32mx/4.8.3/../../../../pic32mx/lib\libpic32.a(vector28.o)
                0x9d01f580                __vector_dispatch_28
                0x00000001                ASSERT (((_vector_spacing == 0x0) || (SIZEOF (.vector_28) <= (_vector_spacing << 0x5))), function at exception vector 28 too large)

.vector_29      0x9d01f5a0        0x8
 *(.vector_29)
 .vector_29     0x9d01f5a0        0x8 c:/program files (x86)/microchip/xc32/v2.05/bin/bin/../../lib/gcc/pic32mx/4.8.3/../../../../pic32mx/lib\libpic32.a(vector29.o)
                0x9d01f5a0                __vector_dispatch_29
                0x00000001                ASSERT (((_vector_spacing == 0x0) || (SIZEOF (.vector_29) <= (_vector_spacing << 0x5))), function at exception vector 29 too large)

.vector_30      0x9d01f5c0        0x8
 *(.vector_30)
 .vector_30     0x9d01f5c0        0x8 build/default/production/_ext/1688732426/system_interrupt.o
                0x9d01f5c0                __vector_dispatch_30
                0x00000001                ASSERT (((_vector_spacing == 0x0) || (SIZEOF (.vector_30) <= (_vector_spacing << 0x5))), function at exception vector 30 too large)

.vector_31      0x9d01f5e0        0x8
 *(.vector_31)
 .vector_31     0x9d01f5e0        0x8 c:/program files (x86)/microchip/xc32/v2.05/bin/bin/../../lib/gcc/pic32mx/4.8.3/../../../../pic32mx/lib\libpic32.a(vector31.o)
                0x9d01f5e0                __vector_dispatch_31
                0x00000001                ASSERT (((_vector_spacing == 0x0) || (SIZEOF (.vector_31) <= (_vector_spacing << 0x5))), function at exception vector 31 too large)

.vector_32      0x9d01f600        0x8
 *(.vector_32)
 .vector_32     0x9d01f600        0x8 c:/program files (x86)/microchip/xc32/v2.05/bin/bin/../../lib/gcc/pic32mx/4.8.3/../../../../pic32mx/lib\libpic32.a(vector32.o)
                0x9d01f600                __vector_dispatch_32
                0x00000001                ASSERT (((_vector_spacing == 0x0) || (SIZEOF (.vector_32) <= (_vector_spacing << 0x5))), function at exception vector 32 too large)

.vector_33      0x9d01f620        0x8
 *(.vector_33)
 .vector_33     0x9d01f620        0x8 c:/program files (x86)/microchip/xc32/v2.05/bin/bin/../../lib/gcc/pic32mx/4.8.3/../../../../pic32mx/lib\libpic32.a(vector33.o)
                0x9d01f620                __vector_dispatch_33
                0x00000001                ASSERT (((_vector_spacing == 0x0) || (SIZEOF (.vector_33) <= (_vector_spacing << 0x5))), function at exception vector 33 too large)

.vector_34      0x9d01f640        0x8
 *(.vector_34)
 .vector_34     0x9d01f640        0x8 c:/program files (x86)/microchip/xc32/v2.05/bin/bin/../../lib/gcc/pic32mx/4.8.3/../../../../pic32mx/lib\libpic32.a(vector34.o)
                0x9d01f640                __vector_dispatch_34
                0x00000001                ASSERT (((_vector_spacing == 0x0) || (SIZEOF (.vector_34) <= (_vector_spacing << 0x5))), function at exception vector 34 too large)

.vector_35      0x9d01f660        0x8
 *(.vector_35)
 .vector_35     0x9d01f660        0x8 c:/program files (x86)/microchip/xc32/v2.05/bin/bin/../../lib/gcc/pic32mx/4.8.3/../../../../pic32mx/lib\libpic32.a(vector35.o)
                0x9d01f660                __vector_dispatch_35
                0x00000001                ASSERT (((_vector_spacing == 0x0) || (SIZEOF (.vector_35) <= (_vector_spacing << 0x5))), function at exception vector 35 too large)

.vector_36      0x9d01f680        0x8
 *(.vector_36)
 .vector_36     0x9d01f680        0x8 c:/program files (x86)/microchip/xc32/v2.05/bin/bin/../../lib/gcc/pic32mx/4.8.3/../../../../pic32mx/lib\libpic32.a(vector36.o)
                0x9d01f680                __vector_dispatch_36
                0x00000001                ASSERT (((_vector_spacing == 0x0) || (SIZEOF (.vector_36) <= (_vector_spacing << 0x5))), function at exception vector 36 too large)

.vector_37      0x9d01f6a0        0x8
 *(.vector_37)
 .vector_37     0x9d01f6a0        0x8 c:/program files (x86)/microchip/xc32/v2.05/bin/bin/../../lib/gcc/pic32mx/4.8.3/../../../../pic32mx/lib\libpic32.a(vector37.o)
                0x9d01f6a0                __vector_dispatch_37
                0x00000001                ASSERT (((_vector_spacing == 0x0) || (SIZEOF (.vector_37) <= (_vector_spacing << 0x5))), function at exception vector 37 too large)

.vector_38      0x9d01f6c0        0x8
 *(.vector_38)
 .vector_38     0x9d01f6c0        0x8 c:/program files (x86)/microchip/xc32/v2.05/bin/bin/../../lib/gcc/pic32mx/4.8.3/../../../../pic32mx/lib\libpic32.a(vector38.o)
                0x9d01f6c0                __vector_dispatch_38
                0x00000001                ASSERT (((_vector_spacing == 0x0) || (SIZEOF (.vector_38) <= (_vector_spacing << 0x5))), function at exception vector 38 too large)

.vector_39      0x9d01f6e0        0x8
 *(.vector_39)
 .vector_39     0x9d01f6e0        0x8 c:/program files (x86)/microchip/xc32/v2.05/bin/bin/../../lib/gcc/pic32mx/4.8.3/../../../../pic32mx/lib\libpic32.a(vector39.o)
                0x9d01f6e0                __vector_dispatch_39
                0x00000001                ASSERT (((_vector_spacing == 0x0) || (SIZEOF (.vector_39) <= (_vector_spacing << 0x5))), function at exception vector 39 too large)

.vector_40      0x9d01f700        0x8
 *(.vector_40)
 .vector_40     0x9d01f700        0x8 c:/program files (x86)/microchip/xc32/v2.05/bin/bin/../../lib/gcc/pic32mx/4.8.3/../../../../pic32mx/lib\libpic32.a(vector40.o)
                0x9d01f700                __vector_dispatch_40
                0x00000001                ASSERT (((_vector_spacing == 0x0) || (SIZEOF (.vector_40) <= (_vector_spacing << 0x5))), function at exception vector 40 too large)

.vector_41      0x9d01f720        0x8
 *(.vector_41)
 .vector_41     0x9d01f720        0x8 c:/program files (x86)/microchip/xc32/v2.05/bin/bin/../../lib/gcc/pic32mx/4.8.3/../../../../pic32mx/lib\libpic32.a(vector41.o)
                0x9d01f720                __vector_dispatch_41
                0x00000001                ASSERT (((_vector_spacing == 0x0) || (SIZEOF (.vector_41) <= (_vector_spacing << 0x5))), function at exception vector 41 too large)

.vector_42      0x9d01f740        0x8
 *(.vector_42)
 .vector_42     0x9d01f740        0x8 c:/program files (x86)/microchip/xc32/v2.05/bin/bin/../../lib/gcc/pic32mx/4.8.3/../../../../pic32mx/lib\libpic32.a(vector42.o)
                0x9d01f740                __vector_dispatch_42
                0x00000001                ASSERT (((_vector_spacing == 0x0) || (SIZEOF (.vector_42) <= (_vector_spacing << 0x5))), function at exception vector 42 too large)

.vector_43      0x9d01f760        0x8
 *(.vector_43)
 .vector_43     0x9d01f760        0x8 c:/program files (x86)/microchip/xc32/v2.05/bin/bin/../../lib/gcc/pic32mx/4.8.3/../../../../pic32mx/lib\libpic32.a(vector43.o)
                0x9d01f760                __vector_dispatch_43
                0x00000001                ASSERT (((_vector_spacing == 0x0) || (SIZEOF (.vector_43) <= (_vector_spacing << 0x5))), function at exception vector 43 too large)

.vector_44      0x9d01f780        0x0
 *(.vector_44)
                0x00000001                ASSERT (((_vector_spacing == 0x0) || (SIZEOF (.vector_44) <= (_vector_spacing << 0x5))), function at exception vector 44 too large)

.vector_45      0x9d01f7a0        0x0
 *(.vector_45)
                0x00000001                ASSERT (((_vector_spacing == 0x0) || (SIZEOF (.vector_45) <= (_vector_spacing << 0x5))), function at exception vector 45 too large)

.vector_46      0x9d01f7c0        0x0
 *(.vector_46)
                0x00000001                ASSERT (((_vector_spacing == 0x0) || (SIZEOF (.vector_46) <= (_vector_spacing << 0x5))), function at exception vector 46 too large)

.vector_47      0x9d01f7e0        0x0
 *(.vector_47)
                0x00000001                ASSERT (((_vector_spacing == 0x0) || (SIZEOF (.vector_47) <= (_vector_spacing << 0x5))), function at exception vector 47 too large)

.vector_48      0x9d01f800        0x0
 *(.vector_48)
                0x00000001                ASSERT (((_vector_spacing == 0x0) || (SIZEOF (.vector_48) <= (_vector_spacing << 0x5))), function at exception vector 48 too large)

.vector_49      0x9d01f820        0x0
 *(.vector_49)
                0x00000001                ASSERT (((_vector_spacing == 0x0) || (SIZEOF (.vector_49) <= (_vector_spacing << 0x5))), function at exception vector 49 too large)

.vector_50      0x9d01f840        0x0
 *(.vector_50)
                0x00000001                ASSERT (((_vector_spacing == 0x0) || (SIZEOF (.vector_50) <= (_vector_spacing << 0x5))), function at exception vector 50 too large)

.vector_51      0x9d01f860        0x0
 *(.vector_51)
                0x00000001                ASSERT (((_vector_spacing == 0x0) || (SIZEOF (.vector_51) <= (_vector_spacing << 0x5))), function at exception vector 51 too large)

.vector_52      0x9d01f880        0x0
 *(.vector_52)
                0x00000001                ASSERT (((_vector_spacing == 0x0) || (SIZEOF (.vector_52) <= (_vector_spacing << 0x5))), function at exception vector 52 too large)

.vector_53      0x9d01f8a0        0x0
 *(.vector_53)
                0x00000001                ASSERT (((_vector_spacing == 0x0) || (SIZEOF (.vector_53) <= (_vector_spacing << 0x5))), function at exception vector 53 too large)

.vector_54      0x9d01f8c0        0x0
 *(.vector_54)
                0x00000001                ASSERT (((_vector_spacing == 0x0) || (SIZEOF (.vector_54) <= (_vector_spacing << 0x5))), function at exception vector 54 too large)

.vector_55      0x9d01f8e0        0x0
 *(.vector_55)
                0x00000001                ASSERT (((_vector_spacing == 0x0) || (SIZEOF (.vector_55) <= (_vector_spacing << 0x5))), function at exception vector 55 too large)

.vector_56      0x9d01f900        0x0
 *(.vector_56)
                0x00000001                ASSERT (((_vector_spacing == 0x0) || (SIZEOF (.vector_56) <= (_vector_spacing << 0x5))), function at exception vector 56 too large)

.vector_57      0x9d01f920        0x0
 *(.vector_57)
                0x00000001                ASSERT (((_vector_spacing == 0x0) || (SIZEOF (.vector_57) <= (_vector_spacing << 0x5))), function at exception vector 57 too large)

.vector_58      0x9d01f940        0x0
 *(.vector_58)
                0x00000001                ASSERT (((_vector_spacing == 0x0) || (SIZEOF (.vector_58) <= (_vector_spacing << 0x5))), function at exception vector 58 too large)

.vector_59      0x9d01f960        0x0
 *(.vector_59)
                0x00000001                ASSERT (((_vector_spacing == 0x0) || (SIZEOF (.vector_59) <= (_vector_spacing << 0x5))), function at exception vector 59 too large)

.vector_60      0x9d01f980        0x0
 *(.vector_60)
                0x00000001                ASSERT (((_vector_spacing == 0x0) || (SIZEOF (.vector_60) <= (_vector_spacing << 0x5))), function at exception vector 60 too large)

.vector_61      0x9d01f9a0        0x0
 *(.vector_61)
                0x00000001                ASSERT (((_vector_spacing == 0x0) || (SIZEOF (.vector_61) <= (_vector_spacing << 0x5))), function at exception vector 61 too large)

.vector_62      0x9d01f9c0        0x0
 *(.vector_62)
                0x00000001                ASSERT (((_vector_spacing == 0x0) || (SIZEOF (.vector_62) <= (_vector_spacing << 0x5))), function at exception vector 62 too large)

.vector_63      0x9d01f9e0        0x0
 *(.vector_63)
                0x00000001                ASSERT (((_vector_spacing == 0x0) || (SIZEOF (.vector_63) <= (_vector_spacing << 0x5))), function at exception vector 63 too large)

.startup
 *(.startup)

.text           0x9d000000        0x0
 *(.stub .gnu.linkonce.t.*)
 *(.text.*personality*)
 *(.mips16.fn.*)
 *(.mips16.call.*)
 *(.gnu.warning)
                0x9d000000                . = ALIGN (0x4)

.init           0x9d000000        0x0
 *crti.o(.init)
 *crtbegin.o(.init)
 *(EXCLUDE_FILE(*crtn.o *crtend?.o *crtend.o) .init)
 *crtend.o(.init)
 *crtn.o(.init)
                0x9d000000                . = ALIGN (0x4)

.fini           0x9d000000        0x0
 *(.fini)
                0x9d000000                . = ALIGN (0x4)

.preinit_array  0x9d000000        0x0
                0x9d000000                PROVIDE (__preinit_array_start, .)
 *(.preinit_array)
                0x9d000000                PROVIDE (__preinit_array_end, .)
                0x9d000000                . = ALIGN (0x4)

.init_array     0x9d000000        0x0
                0x9d000000                PROVIDE (__init_array_start, .)
 *(SORT(.init_array.*))
 *(.init_array)
                0x9d000000                PROVIDE (__init_array_end, .)
                0x9d000000                . = ALIGN (0x4)

.fini_array     0x9d000000        0x0
                0x9d000000                PROVIDE (__fini_array_start, .)
 *(SORT(.fini_array.*))
 *(.fini_array)
                0x9d000000                PROVIDE (__fini_array_end, .)
                0x9d000000                . = ALIGN (0x4)

.ctors          0x9d000000        0x0
 *crtbegin.o(.ctors)
 *crtbegin?.o(.ctors)
 *(EXCLUDE_FILE(*crtend?.o *crtend.o) .ctors)
 *(SORT(.ctors.*))
 *(.ctors)
                0x9d000000                . = ALIGN (0x4)

.dtors          0x9d000000        0x0
 *crtbegin.o(.dtors)
 *crtbegin?.o(.dtors)
 *(EXCLUDE_FILE(*crtend?.o *crtend.o) .dtors)
 *(SORT(.dtors.*))
 *(.dtors)
                0x9d000000                . = ALIGN (0x4)

.rodata         0x9d000000        0x0
 *(.gnu.linkonce.r.*)
 *(.rodata1)
                0x9d000000                . = ALIGN (0x4)

.sdata2         0x9fc00490        0x0
 *(.sdata2 .sdata2.* .gnu.linkonce.s2.*)
                0x9fc00490                . = ALIGN (0x4)

.sbss2          0x9fc00490        0x0
 *(.sbss2 .sbss2.* .gnu.linkonce.sb2.*)
                0x9fc00490                . = ALIGN (0x4)

.eh_frame_hdr
 *(.eh_frame_hdr)
                0x9fc00490                . = ALIGN (0x4)

.eh_frame
 *(.eh_frame)
                0x9fc00490                . = ALIGN (0x4)

.gcc_except_table
 *(.gcc_except_table .gcc_except_table.*)
                0x9fc00490                . = ALIGN (0x4)

.dbg_data       0xa0000000        0x0
                0xa0000000                . = (. + DEFINED (_DEBUGGER)?0x200:0x0)

.jcr            0xa0000000        0x0
 *(.jcr)
                0xa0000000                . = ALIGN (0x4)

.eh_frame
 *(.eh_frame)
                0xa0000000                . = ALIGN (0x4)

.gcc_except_table
 *(.gcc_except_table .gcc_except_table.*)
                0xa0000000                . = ALIGN (0x4)

.persist        0xa0000000        0x0
                0xa0000000                _persist_begin = .
 *(.persist .persist.*)
 *(.pbss .pbss.*)
                0xa0000000                . = ALIGN (0x4)
                0xa0000000                _persist_end = .

.data           0xa0000000        0x0
 *(.gnu.linkonce.d.*)
 *(.data1)
                0xa0000000                . = ALIGN (0x4)
                0xa0000000                . = .
                0xa0007ff0                _gp = (ALIGN (0x10) + 0x7ff0)

.got            0xa0000000        0x0
 *(.got.plt)
 *(.got)
                0xa0000000                . = ALIGN (0x4)

.sdata          0xa0000000        0x8
                0xa0000000                _sdata_begin = .
 *(.sdata .sdata.* .gnu.linkonce.s.*)
 .sdata         0xa0000000        0x8 build/default/production/_ext/1360937237/main.o
                0xa0000000                timer
                0xa0000004                adccount
                0xa0000008                . = ALIGN (0x4)
                0xa0000008                _sdata_end = .

.lit8
 *(.lit8)

.lit4
 *(.lit4)
                0xa0000008                . = ALIGN (0x4)
                0xa0000008                _data_end = .
                0xa0000008                _bss_begin = .

.sbss           0xa0000008       0x2c
                0xa0000008                _sbss_begin = .
 *(.dynsbss)
 *(.sbss .sbss.* .gnu.linkonce.sb.*)
 .sbss          0xa0000008        0xc build/default/production/_ext/1688732426/system_exceptions.o
 .sbss          0xa0000014        0x8 build/default/production/_ext/1360937237/main.o
                0xa0000014                track
                0xa0000018                ADC_INT
 .sbss          0xa000001c        0x1 build/default/production/_ext/610166344/usb_device_hid.o
 *(.scommon)
 *fill*         0xa000001d        0x3 
 .scommon       0xa0000020        0x8 build/default/production/_ext/340578644/sys_devcon.o
                0xa0000020                sysDevconObj
 .scommon       0xa0000028        0x8 build/default/production/_ext/1688732426/system_init.o
                0xa0000028                sysObj
 .scommon       0xa0000030        0x2 build/default/production/_ext/610166344/usb_device_hid.o
                0xa0000030                gUSBDeviceHidCommonDataObj
                0xa0000032                _sbss_end = .
                0xa0000034                . = ALIGN (0x4)
 *fill*         0xa0000032        0x2 

.bss            0xa0000200      0x4f0
 *(.dynbss)
 *(COMMON)
 COMMON         0xa0000200       0x40 build/default/production/_ext/1688732426/system_init.o
                0xa0000200                endPointTable
 COMMON         0xa0000240       0xa4 build/default/production/_ext/1360937237/app.o
                0xa0000240                transmitDataBuffer
                0xa0000280                appData
                0xa00002a4                receiveDataBuffer
 COMMON         0xa00002e4      0x304 build/default/production/_ext/1360937237/main.o
                0xa00002e4                valuestore
 COMMON         0xa00005e8       0x98 build/default/production/_ext/764219029/drv_usbfs.o
                0xa00005e8                gDrvUSBGroup
 COMMON         0xa0000680       0x70 build/default/production/_ext/610166344/usb_device_hid.o
                0xa0000680                gUsbDeviceHidInstance
                0xa00006a8                gUSBDeviceHIDIRP
                0xa00006f0                . = ALIGN ((. != 0x0)?0x4:0x1)
                0xa00006f0                . = ALIGN (0x4)
                0xa00006f0                _end = .
                0xa00006f0                _bss_end = .
                0x00008000                _bmxdudba_address = 0x8000
                0x00008000                _bmxdupba_address = 0x8000

/DISCARD/
 *(.pdr)
 *(.rel.dyn)
 *(.note.GNU-stack)
 *(.note.GNU-stack)
 *(.gnu_debuglink)
 *(.gnu.lto_*)
 *(.discard)

.gptab.sdata
 *(.gptab.data)
 *(.gptab.sdata)

.gptab.sbss
 *(.gptab.bss)
 *(.gptab.sbss)

.mdebug.abi32   0xa00006f0        0x0
 *(.mdebug.abi32)
 .mdebug.abi32  0xa00006f0        0x0 build/default/production/_ext/639803181/sys_clk_pic32mx.o
 .mdebug.abi32  0xa00006f0        0x0 build/default/production/_ext/340578644/sys_devcon.o
 .mdebug.abi32  0xa00006f0        0x0 build/default/production/_ext/340578644/sys_devcon_pic32mx.o
 .mdebug.abi32  0xa00006f0        0x0 build/default/production/_ext/822048611/sys_ports_static.o
 .mdebug.abi32  0xa00006f0        0x0 build/default/production/_ext/1688732426/system_init.o
 .mdebug.abi32  0xa00006f0        0x0 build/default/production/_ext/1688732426/system_interrupt.o
 .mdebug.abi32  0xa00006f0        0x0 build/default/production/_ext/1688732426/system_exceptions.o
 .mdebug.abi32  0xa00006f0        0x0 build/default/production/_ext/1688732426/system_tasks.o
 .mdebug.abi32  0xa00006f0        0x0 build/default/production/_ext/1360937237/app.o
 .mdebug.abi32  0xa00006f0        0x0 build/default/production/_ext/1360937237/main.o
 .mdebug.abi32  0xa00006f0        0x0 build/default/production/_ext/764219029/drv_usbfs.o
 .mdebug.abi32  0xa00006f0        0x0 build/default/production/_ext/764219029/drv_usbfs_device.o
 .mdebug.abi32  0xa00006f0        0x0 build/default/production/_ext/122796885/sys_int_pic32.o
 .mdebug.abi32  0xa00006f0        0x0 build/default/production/_ext/610166344/usb_device.o
 .mdebug.abi32  0xa00006f0        0x0 build/default/production/_ext/610166344/usb_device_hid.o
 .mdebug.abi32  0xa00006f0        0x0 c:/program files (x86)/microchip/xc32/v2.05/bin/bin/../../lib/gcc/pic32mx/4.8.3/../../../../pic32mx/lib\libpic32.a(default-bootstrap-exception-handler.o)
 .mdebug.abi32  0xa00006f0        0x0 c:/program files (x86)/microchip/xc32/v2.05/bin/bin/../../lib/gcc/pic32mx/4.8.3/../../../../pic32mx/lib\libpic32.a(default-on-reset.o)
 .mdebug.abi32  0xa00006f0        0x0 c:/program files (x86)/microchip/xc32/v2.05/bin/bin/../../lib/gcc/pic32mx/4.8.3/../../../../pic32mx/lib\libpic32.a(default-on-bootstrap.o)
 .mdebug.abi32  0xa00006f0        0x0 c:/program files (x86)/microchip/xc32/v2.05/bin/bin/../../lib/gcc/pic32mx/4.8.3/../../../../pic32mx/lib\libpic32.a(defaultinterrupt.o)

.mdebug.abiN32
 *(.mdebug.abiN32)

.mdebug.abi64
 *(.mdebug.abi64)

.mdebug.abiO64
 *(.mdebug.abiO64)

.mdebug.eabi32
 *(.mdebug.eabi32)

.mdebug.eabi64
 *(.mdebug.eabi64)

.gcc_compiled_long32
 *(.gcc_compiled_long32)

.gcc_compiled_long64
 *(.gcc_compiled_long64)

.stab
 *(.stab)

.stabstr
 *(.stabstr)

.stab.excl
 *(.stab.excl)

.stab.exclstr
 *(.stab.exclstr)

.stab.index
 *(.stab.index)

.stab.indexstr
 *(.stab.indexstr)

.comment        0x00000000       0x3c
 *(.comment)
 .comment       0x00000000       0x3c build/default/production/_ext/639803181/sys_clk_pic32mx.o
                                 0x3d (size before relaxing)
 .comment       0x00000000       0x3d build/default/production/_ext/340578644/sys_devcon.o
 .comment       0x00000000       0x3d build/default/production/_ext/340578644/sys_devcon_pic32mx.o
 .comment       0x00000000       0x3d build/default/production/_ext/822048611/sys_ports_static.o
 .comment       0x00000000       0x3d build/default/production/_ext/1688732426/system_init.o
 .comment       0x00000000       0x3d build/default/production/_ext/1688732426/system_interrupt.o
 .comment       0x00000000       0x3d build/default/production/_ext/1688732426/system_exceptions.o
 .comment       0x00000000       0x3d build/default/production/_ext/1688732426/system_tasks.o
 .comment       0x00000000       0x3d build/default/production/_ext/1360937237/app.o
 .comment       0x00000000       0x3d build/default/production/_ext/1360937237/main.o
 .comment       0x00000000       0x3d build/default/production/_ext/764219029/drv_usbfs.o
 .comment       0x00000000       0x3d build/default/production/_ext/764219029/drv_usbfs_device.o
 .comment       0x00000000       0x3d build/default/production/_ext/122796885/sys_int_pic32.o
 .comment       0x00000000       0x3d build/default/production/_ext/610166344/usb_device.o
 .comment       0x00000000       0x3d build/default/production/_ext/610166344/usb_device_hid.o
 .comment       0x00000000       0x3d c:/program files (x86)/microchip/xc32/v2.05/bin/bin/../../lib/gcc/pic32mx/4.8.3/../../../../pic32mx/lib\libpic32.a(default-bootstrap-exception-handler.o)
 .comment       0x00000000       0x3d c:/program files (x86)/microchip/xc32/v2.05/bin/bin/../../lib/gcc/pic32mx/4.8.3/../../../../pic32mx/lib\libpic32.a(default-on-reset.o)
 .comment       0x00000000       0x3d c:/program files (x86)/microchip/xc32/v2.05/bin/bin/../../lib/gcc/pic32mx/4.8.3/../../../../pic32mx/lib\libpic32.a(default-on-bootstrap.o)
 .comment       0x00000000       0x3d c:/program files (x86)/microchip/xc32/v2.05/bin/bin/../../lib/gcc/pic32mx/4.8.3/../../../../pic32mx/lib\libpic32.a(defaultinterrupt.o)

.debug
 *(.debug)

.line
 *(.line)

.debug_srcinfo
 *(.debug_srcinfo)

.debug_sfnames
 *(.debug_sfnames)

.debug_aranges  0x00000000      0x710
 *(.debug_aranges)
 .debug_aranges
                0x00000000       0x50 build/default/production/_ext/639803181/sys_clk_pic32mx.o
 .debug_aranges
                0x00000050       0x78 build/default/production/_ext/340578644/sys_devcon.o
 .debug_aranges
                0x000000c8       0x20 build/default/production/_ext/340578644/sys_devcon_pic32mx.o
 .debug_aranges
                0x000000e8      0x148 build/default/production/_ext/822048611/sys_ports_static.o
 .debug_aranges
                0x00000230       0x20 build/default/production/_ext/1688732426/system_init.o
 .debug_aranges
                0x00000250       0x20 build/default/production/_ext/1688732426/system_interrupt.o
 .debug_aranges
                0x00000270       0x20 build/default/production/_ext/1688732426/system_exceptions.o
 .debug_aranges
                0x00000290       0x20 build/default/production/_ext/1688732426/system_tasks.o
 .debug_aranges
                0x000002b0       0x38 build/default/production/_ext/1360937237/app.o
 .debug_aranges
                0x000002e8       0x38 build/default/production/_ext/1360937237/main.o
 .debug_aranges
                0x00000320       0x60 build/default/production/_ext/764219029/drv_usbfs.o
 .debug_aranges
                0x00000380       0xc0 build/default/production/_ext/764219029/drv_usbfs_device.o
 .debug_aranges
                0x00000440       0x48 build/default/production/_ext/122796885/sys_int_pic32.o
 .debug_aranges
                0x00000488      0x1a0 build/default/production/_ext/610166344/usb_device.o
 .debug_aranges
                0x00000628       0x68 build/default/production/_ext/610166344/usb_device_hid.o
 .debug_aranges
                0x00000690       0x20 c:/program files (x86)/microchip/xc32/v2.05/bin/bin/../../lib/gcc/pic32mx/4.8.3/../../../../pic32mx/lib\libpic32.a(default-bootstrap-exception-handler.o)
 .debug_aranges
                0x000006b0       0x20 c:/program files (x86)/microchip/xc32/v2.05/bin/bin/../../lib/gcc/pic32mx/4.8.3/../../../../pic32mx/lib\libpic32.a(default-on-reset.o)
 .debug_aranges
                0x000006d0       0x20 c:/program files (x86)/microchip/xc32/v2.05/bin/bin/../../lib/gcc/pic32mx/4.8.3/../../../../pic32mx/lib\libpic32.a(default-on-bootstrap.o)
 .debug_aranges
                0x000006f0       0x20 c:/program files (x86)/microchip/xc32/v2.05/bin/bin/../../lib/gcc/pic32mx/4.8.3/../../../../pic32mx/lib\libpic32.a(defaultinterrupt.o)

.debug_pubnames
 *(.debug_pubnames)

.debug_info     0x00000000    0x2860f
 *(.debug_info .gnu.linkonce.wi.*)
 .debug_info    0x00000000     0x189c build/default/production/_ext/639803181/sys_clk_pic32mx.o
 .debug_info    0x0000189c     0x1652 build/default/production/_ext/340578644/sys_devcon.o
 .debug_info    0x00002eee     0x1074 build/default/production/_ext/340578644/sys_devcon_pic32mx.o
 .debug_info    0x00003f62     0x3f9e build/default/production/_ext/822048611/sys_ports_static.o
 .debug_info    0x00007f00     0x4628 build/default/production/_ext/1688732426/system_init.o
 .debug_info    0x0000c528      0xc13 build/default/production/_ext/1688732426/system_interrupt.o
 .debug_info    0x0000d13b     0x1449 build/default/production/_ext/1688732426/system_exceptions.o
 .debug_info    0x0000e584      0xc45 build/default/production/_ext/1688732426/system_tasks.o
 .debug_info    0x0000f1c9     0x23e1 build/default/production/_ext/1360937237/app.o
 .debug_info    0x000115aa      0x438 build/default/production/_ext/1360937237/main.o
 .debug_info    0x000119e2     0x4986 build/default/production/_ext/764219029/drv_usbfs.o
 .debug_info    0x00016368     0x7efd build/default/production/_ext/764219029/drv_usbfs_device.o
 .debug_info    0x0001e265     0x1111 build/default/production/_ext/122796885/sys_int_pic32.o
 .debug_info    0x0001f376     0x5c63 build/default/production/_ext/610166344/usb_device.o
 .debug_info    0x00024fd9     0x32bd build/default/production/_ext/610166344/usb_device_hid.o
 .debug_info    0x00028296       0xf3 c:/program files (x86)/microchip/xc32/v2.05/bin/bin/../../lib/gcc/pic32mx/4.8.3/../../../../pic32mx/lib\libpic32.a(default-bootstrap-exception-handler.o)
 .debug_info    0x00028389       0xcc c:/program files (x86)/microchip/xc32/v2.05/bin/bin/../../lib/gcc/pic32mx/4.8.3/../../../../pic32mx/lib\libpic32.a(default-on-reset.o)
 .debug_info    0x00028455       0xd4 c:/program files (x86)/microchip/xc32/v2.05/bin/bin/../../lib/gcc/pic32mx/4.8.3/../../../../pic32mx/lib\libpic32.a(default-on-bootstrap.o)
 .debug_info    0x00028529       0xe6 c:/program files (x86)/microchip/xc32/v2.05/bin/bin/../../lib/gcc/pic32mx/4.8.3/../../../../pic32mx/lib\libpic32.a(defaultinterrupt.o)

.debug_abbrev   0x00000000     0x2784
 *(.debug_abbrev)
 .debug_abbrev  0x00000000      0x26b build/default/production/_ext/639803181/sys_clk_pic32mx.o
 .debug_abbrev  0x0000026b      0x2a0 build/default/production/_ext/340578644/sys_devcon.o
 .debug_abbrev  0x0000050b      0x204 build/default/production/_ext/340578644/sys_devcon_pic32mx.o
 .debug_abbrev  0x0000070f      0x28f build/default/production/_ext/822048611/sys_ports_static.o
 .debug_abbrev  0x0000099e      0x346 build/default/production/_ext/1688732426/system_init.o
 .debug_abbrev  0x00000ce4      0x107 build/default/production/_ext/1688732426/system_interrupt.o
 .debug_abbrev  0x00000deb      0x109 build/default/production/_ext/1688732426/system_exceptions.o
 .debug_abbrev  0x00000ef4      0x11a build/default/production/_ext/1688732426/system_tasks.o
 .debug_abbrev  0x0000100e      0x24c build/default/production/_ext/1360937237/app.o
 .debug_abbrev  0x0000125a      0x12e build/default/production/_ext/1360937237/main.o
 .debug_abbrev  0x00001388      0x42b build/default/production/_ext/764219029/drv_usbfs.o
 .debug_abbrev  0x000017b3      0x4bc build/default/production/_ext/764219029/drv_usbfs_device.o
 .debug_abbrev  0x00001c6f      0x237 build/default/production/_ext/122796885/sys_int_pic32.o
 .debug_abbrev  0x00001ea6      0x42f build/default/production/_ext/610166344/usb_device.o
 .debug_abbrev  0x000022d5      0x40f build/default/production/_ext/610166344/usb_device_hid.o
 .debug_abbrev  0x000026e4       0x28 c:/program files (x86)/microchip/xc32/v2.05/bin/bin/../../lib/gcc/pic32mx/4.8.3/../../../../pic32mx/lib\libpic32.a(default-bootstrap-exception-handler.o)
 .debug_abbrev  0x0000270c       0x28 c:/program files (x86)/microchip/xc32/v2.05/bin/bin/../../lib/gcc/pic32mx/4.8.3/../../../../pic32mx/lib\libpic32.a(default-on-reset.o)
 .debug_abbrev  0x00002734       0x28 c:/program files (x86)/microchip/xc32/v2.05/bin/bin/../../lib/gcc/pic32mx/4.8.3/../../../../pic32mx/lib\libpic32.a(default-on-bootstrap.o)
 .debug_abbrev  0x0000275c       0x28 c:/program files (x86)/microchip/xc32/v2.05/bin/bin/../../lib/gcc/pic32mx/4.8.3/../../../../pic32mx/lib\libpic32.a(defaultinterrupt.o)

.debug_line     0x00000000     0x5379
 *(.debug_line)
 .debug_line    0x00000000      0x478 build/default/production/_ext/639803181/sys_clk_pic32mx.o
 .debug_line    0x00000478      0x630 build/default/production/_ext/340578644/sys_devcon.o
 .debug_line    0x00000aa8      0x391 build/default/production/_ext/340578644/sys_devcon_pic32mx.o
 .debug_line    0x00000e39      0x918 build/default/production/_ext/822048611/sys_ports_static.o
 .debug_line    0x00001751      0x669 build/default/production/_ext/1688732426/system_init.o
 .debug_line    0x00001dba      0x1f2 build/default/production/_ext/1688732426/system_interrupt.o
 .debug_line    0x00001fac      0x1d4 build/default/production/_ext/1688732426/system_exceptions.o
 .debug_line    0x00002180      0x26e build/default/production/_ext/1688732426/system_tasks.o
 .debug_line    0x000023ee      0x36f build/default/production/_ext/1360937237/app.o
 .debug_line    0x0000275d      0x1d3 build/default/production/_ext/1360937237/main.o
 .debug_line    0x00002930      0x775 build/default/production/_ext/764219029/drv_usbfs.o
 .debug_line    0x000030a5      0xdd4 build/default/production/_ext/764219029/drv_usbfs_device.o
 .debug_line    0x00003e79      0x2e4 build/default/production/_ext/122796885/sys_int_pic32.o
 .debug_line    0x0000415d      0x9fe build/default/production/_ext/610166344/usb_device.o
 .debug_line    0x00004b5b      0x5ad build/default/production/_ext/610166344/usb_device_hid.o
 .debug_line    0x00005108       0xa5 c:/program files (x86)/microchip/xc32/v2.05/bin/bin/../../lib/gcc/pic32mx/4.8.3/../../../../pic32mx/lib\libpic32.a(default-bootstrap-exception-handler.o)
 .debug_line    0x000051ad       0x92 c:/program files (x86)/microchip/xc32/v2.05/bin/bin/../../lib/gcc/pic32mx/4.8.3/../../../../pic32mx/lib\libpic32.a(default-on-reset.o)
 .debug_line    0x0000523f       0x96 c:/program files (x86)/microchip/xc32/v2.05/bin/bin/../../lib/gcc/pic32mx/4.8.3/../../../../pic32mx/lib\libpic32.a(default-on-bootstrap.o)
 .debug_line    0x000052d5       0xa4 c:/program files (x86)/microchip/xc32/v2.05/bin/bin/../../lib/gcc/pic32mx/4.8.3/../../../../pic32mx/lib\libpic32.a(defaultinterrupt.o)

.debug_frame    0x00000000      0xf80
 *(.debug_frame)
 .debug_frame   0x00000000       0xa0 build/default/production/_ext/639803181/sys_clk_pic32mx.o
 .debug_frame   0x000000a0       0xe8 build/default/production/_ext/340578644/sys_devcon.o
 .debug_frame   0x00000188       0x28 build/default/production/_ext/340578644/sys_devcon_pic32mx.o
 .debug_frame   0x000001b0      0x270 build/default/production/_ext/822048611/sys_ports_static.o
 .debug_frame   0x00000420       0x28 build/default/production/_ext/1688732426/system_init.o
 .debug_frame   0x00000448       0x64 build/default/production/_ext/1688732426/system_interrupt.o
 .debug_frame   0x000004ac       0x28 build/default/production/_ext/1688732426/system_exceptions.o
 .debug_frame   0x000004d4       0x28 build/default/production/_ext/1688732426/system_tasks.o
 .debug_frame   0x000004fc       0x6c build/default/production/_ext/1360937237/app.o
 .debug_frame   0x00000568       0x7c build/default/production/_ext/1360937237/main.o
 .debug_frame   0x000005e4       0xc8 build/default/production/_ext/764219029/drv_usbfs.o
 .debug_frame   0x000006ac      0x1e0 build/default/production/_ext/764219029/drv_usbfs_device.o
 .debug_frame   0x0000088c       0x90 build/default/production/_ext/122796885/sys_int_pic32.o
 .debug_frame   0x0000091c      0x4d8 build/default/production/_ext/610166344/usb_device.o
 .debug_frame   0x00000df4      0x100 build/default/production/_ext/610166344/usb_device_hid.o
 .debug_frame   0x00000ef4       0x2c c:/program files (x86)/microchip/xc32/v2.05/bin/bin/../../lib/gcc/pic32mx/4.8.3/../../../../pic32mx/lib\libpic32.a(default-bootstrap-exception-handler.o)
 .debug_frame   0x00000f20       0x20 c:/program files (x86)/microchip/xc32/v2.05/bin/bin/../../lib/gcc/pic32mx/4.8.3/../../../../pic32mx/lib\libpic32.a(default-on-reset.o)
 .debug_frame   0x00000f40       0x20 c:/program files (x86)/microchip/xc32/v2.05/bin/bin/../../lib/gcc/pic32mx/4.8.3/../../../../pic32mx/lib\libpic32.a(default-on-bootstrap.o)
 .debug_frame   0x00000f60       0x20 c:/program files (x86)/microchip/xc32/v2.05/bin/bin/../../lib/gcc/pic32mx/4.8.3/../../../../pic32mx/lib\libpic32.a(defaultinterrupt.o)

.debug_str      0x00000000      0x82e
 *(.debug_str)
 .debug_str     0x00000000       0x46 build/default/production/_ext/639803181/sys_clk_pic32mx.o
 .debug_str     0x00000046       0x16 build/default/production/_ext/340578644/sys_devcon.o
 .debug_str     0x0000005c        0x6 build/default/production/_ext/340578644/sys_devcon_pic32mx.o
 .debug_str     0x00000062       0xa1 build/default/production/_ext/822048611/sys_ports_static.o
 .debug_str     0x00000103      0x119 build/default/production/_ext/1688732426/system_init.o
 .debug_str     0x0000021c        0x0 build/default/production/_ext/1688732426/system_interrupt.o
 .debug_str     0x0000021c        0x0 build/default/production/_ext/1688732426/system_exceptions.o
 .debug_str     0x0000021c        0x0 build/default/production/_ext/1688732426/system_tasks.o
 .debug_str     0x0000021c       0x42 build/default/production/_ext/1360937237/app.o
 .debug_str     0x0000025e        0x0 build/default/production/_ext/1360937237/main.o
 .debug_str     0x0000025e       0xa2 build/default/production/_ext/764219029/drv_usbfs.o
 .debug_str     0x00000300      0x173 build/default/production/_ext/764219029/drv_usbfs_device.o
 .debug_str     0x00000473       0x1d build/default/production/_ext/122796885/sys_int_pic32.o
 .debug_str     0x00000490      0x2d7 build/default/production/_ext/610166344/usb_device.o
 .debug_str     0x00000767       0xc7 build/default/production/_ext/610166344/usb_device_hid.o
 .debug_str     0x0000082e        0x0 c:/program files (x86)/microchip/xc32/v2.05/bin/bin/../../lib/gcc/pic32mx/4.8.3/../../../../pic32mx/lib\libpic32.a(default-bootstrap-exception-handler.o)
 .debug_str     0x0000082e        0x0 c:/program files (x86)/microchip/xc32/v2.05/bin/bin/../../lib/gcc/pic32mx/4.8.3/../../../../pic32mx/lib\libpic32.a(default-on-reset.o)
 .debug_str     0x0000082e        0x0 c:/program files (x86)/microchip/xc32/v2.05/bin/bin/../../lib/gcc/pic32mx/4.8.3/../../../../pic32mx/lib\libpic32.a(default-on-bootstrap.o)
 .debug_str     0x0000082e        0x0 c:/program files (x86)/microchip/xc32/v2.05/bin/bin/../../lib/gcc/pic32mx/4.8.3/../../../../pic32mx/lib\libpic32.a(defaultinterrupt.o)

.debug_loc      0x00000000     0x6059
 *(.debug_loc)
 .debug_loc     0x00000000       0x49 build/default/production/_ext/639803181/sys_clk_pic32mx.o
 .debug_loc     0x00000049       0xf0 build/default/production/_ext/340578644/sys_devcon.o
 .debug_loc     0x00000139       0x91 build/default/production/_ext/340578644/sys_devcon_pic32mx.o
 .debug_loc     0x000001ca      0x7da build/default/production/_ext/822048611/sys_ports_static.o
 .debug_loc     0x000009a4       0x21 build/default/production/_ext/1688732426/system_init.o
 .debug_loc     0x000009c5      0x1fc build/default/production/_ext/1360937237/app.o
 .debug_loc     0x00000bc1       0x1f build/default/production/_ext/1360937237/main.o
 .debug_loc     0x00000be0      0x4d6 build/default/production/_ext/764219029/drv_usbfs.o
 .debug_loc     0x000010b6     0x22ed build/default/production/_ext/764219029/drv_usbfs_device.o
 .debug_loc     0x000033a3       0x7c build/default/production/_ext/122796885/sys_int_pic32.o
 .debug_loc     0x0000341f     0x1ec2 build/default/production/_ext/610166344/usb_device.o
 .debug_loc     0x000052e1      0xd4c build/default/production/_ext/610166344/usb_device_hid.o
 .debug_loc     0x0000602d       0x2c c:/program files (x86)/microchip/xc32/v2.05/bin/bin/../../lib/gcc/pic32mx/4.8.3/../../../../pic32mx/lib\libpic32.a(default-bootstrap-exception-handler.o)

.debug_macinfo
 *(.debug_macinfo)

.debug_weaknames
 *(.debug_weaknames)

.debug_funcnames
 *(.debug_funcnames)

.debug_typenames
 *(.debug_typenames)

.debug_varnames
 *(.debug_varnames)

.debug_pubtypes
 *(.debug_pubtypes)

.debug_ranges   0x00000000      0x6b8
 *(.debug_ranges)
 .debug_ranges  0x00000000       0x40 build/default/production/_ext/639803181/sys_clk_pic32mx.o
 .debug_ranges  0x00000040       0x68 build/default/production/_ext/340578644/sys_devcon.o
 .debug_ranges  0x000000a8       0x10 build/default/production/_ext/340578644/sys_devcon_pic32mx.o
 .debug_ranges  0x000000b8      0x138 build/default/production/_ext/822048611/sys_ports_static.o
 .debug_ranges  0x000001f0       0x10 build/default/production/_ext/1688732426/system_init.o
 .debug_ranges  0x00000200       0x10 build/default/production/_ext/1688732426/system_interrupt.o
 .debug_ranges  0x00000210       0x10 build/default/production/_ext/1688732426/system_exceptions.o
 .debug_ranges  0x00000220       0x10 build/default/production/_ext/1688732426/system_tasks.o
 .debug_ranges  0x00000230       0x40 build/default/production/_ext/1360937237/app.o
 .debug_ranges  0x00000270       0x40 build/default/production/_ext/1360937237/main.o
 .debug_ranges  0x000002b0       0x50 build/default/production/_ext/764219029/drv_usbfs.o
 .debug_ranges  0x00000300      0x140 build/default/production/_ext/764219029/drv_usbfs_device.o
 .debug_ranges  0x00000440       0x50 build/default/production/_ext/122796885/sys_int_pic32.o
 .debug_ranges  0x00000490      0x190 build/default/production/_ext/610166344/usb_device.o
 .debug_ranges  0x00000620       0x58 build/default/production/_ext/610166344/usb_device_hid.o
 .debug_ranges  0x00000678       0x10 c:/program files (x86)/microchip/xc32/v2.05/bin/bin/../../lib/gcc/pic32mx/4.8.3/../../../../pic32mx/lib\libpic32.a(default-bootstrap-exception-handler.o)
 .debug_ranges  0x00000688       0x10 c:/program files (x86)/microchip/xc32/v2.05/bin/bin/../../lib/gcc/pic32mx/4.8.3/../../../../pic32mx/lib\libpic32.a(default-on-reset.o)
 .debug_ranges  0x00000698       0x10 c:/program files (x86)/microchip/xc32/v2.05/bin/bin/../../lib/gcc/pic32mx/4.8.3/../../../../pic32mx/lib\libpic32.a(default-on-bootstrap.o)
 .debug_ranges  0x000006a8       0x10 c:/program files (x86)/microchip/xc32/v2.05/bin/bin/../../lib/gcc/pic32mx/4.8.3/../../../../pic32mx/lib\libpic32.a(defaultinterrupt.o)

.gnu.attributes
                0x00000000       0x10
 *(.gnu.attributes)
 .gnu.attributes
                0x00000000       0x10 build/default/production/_ext/639803181/sys_clk_pic32mx.o
 .gnu.attributes
                0x00000010       0x10 build/default/production/_ext/340578644/sys_devcon.o
 .gnu.attributes
                0x00000020       0x10 build/default/production/_ext/340578644/sys_devcon_pic32mx.o
 .gnu.attributes
                0x00000030       0x10 build/default/production/_ext/822048611/sys_ports_static.o
 .gnu.attributes
                0x00000040       0x10 build/default/production/_ext/1688732426/system_init.o
 .gnu.attributes
                0x00000050       0x10 build/default/production/_ext/1688732426/system_interrupt.o
 .gnu.attributes
                0x00000060       0x10 build/default/production/_ext/1688732426/system_exceptions.o
 .gnu.attributes
                0x00000070       0x10 build/default/production/_ext/1688732426/system_tasks.o
 .gnu.attributes
                0x00000080       0x10 build/default/production/_ext/1360937237/app.o
 .gnu.attributes
                0x00000090       0x10 build/default/production/_ext/1360937237/main.o
 .gnu.attributes
                0x000000a0       0x10 build/default/production/_ext/764219029/drv_usbfs.o
 .gnu.attributes
                0x000000b0       0x10 build/default/production/_ext/764219029/drv_usbfs_device.o
 .gnu.attributes
                0x000000c0       0x10 build/default/production/_ext/122796885/sys_int_pic32.o
 .gnu.attributes
                0x000000d0       0x10 build/default/production/_ext/610166344/usb_device.o
 .gnu.attributes
                0x000000e0       0x10 build/default/production/_ext/610166344/usb_device_hid.o
 .gnu.attributes
                0x000000f0       0x10 c:/program files (x86)/microchip/xc32/v2.05/bin/bin/../../lib/gcc/pic32mx/4.8.3/../../../../pic32mx/lib\libpic32.a(default-bootstrap-exception-handler.o)
 .gnu.attributes
                0x00000100       0x10 c:/program files (x86)/microchip/xc32/v2.05/bin/bin/../../lib/gcc/pic32mx/4.8.3/../../../../pic32mx/lib\libpic32.a(default-on-reset.o)
 .gnu.attributes
                0x00000110       0x10 c:/program files (x86)/microchip/xc32/v2.05/bin/bin/../../lib/gcc/pic32mx/4.8.3/../../../../pic32mx/lib\libpic32.a(default-on-bootstrap.o)
 .gnu.attributes
                0x00000120       0x10 c:/program files (x86)/microchip/xc32/v2.05/bin/bin/../../lib/gcc/pic32mx/4.8.3/../../../../pic32mx/lib\libpic32.a(defaultinterrupt.o)
LOAD c:/program files (x86)/microchip/xc32/v2.05/bin/bin/../../lib/gcc/pic32mx/4.8.3\libgcc.a
START GROUP
LOAD c:/program files (x86)/microchip/xc32/v2.05/bin/bin/../../lib/gcc/pic32mx/4.8.3/../../../../pic32mx/lib\libpic32.a
LOAD c:/program files (x86)/microchip/xc32/v2.05/bin/bin/../../lib/gcc/pic32mx/4.8.3/../../../../pic32mx/lib\libdebug.a
LOAD c:/program files (x86)/microchip/xc32/v2.05/bin/bin/../../lib/gcc/pic32mx/4.8.3/../../../../pic32mx/lib\libpic32.a
LOAD c:/program files (x86)/microchip/xc32/v2.05/bin/bin/../../lib/gcc/pic32mx/4.8.3/../../../../pic32mx/lib\liblega-c.a
LOAD c:/program files (x86)/microchip/xc32/v2.05/bin/bin/../../lib/gcc/pic32mx/4.8.3/../../../../pic32mx/lib\libm.a
LOAD c:/program files (x86)/microchip/xc32/v2.05/bin/bin/../../lib/gcc/pic32mx/4.8.3/../../../../pic32mx/lib\libe.a
LOAD c:/program files (x86)/microchip/xc32/v2.05/bin/bin/../../lib/gcc/pic32mx/4.8.3/../../../../pic32mx/lib\libdsp.a
LOAD c:/program files (x86)/microchip/xc32/v2.05/bin/bin/../../lib/gcc/pic32mx/4.8.3\libgcc.a
LOAD c:/program files (x86)/microchip/xc32/v2.05/bin/bin/../../lib/gcc/pic32mx/4.8.3/../../../../pic32mx/lib\libpic32.a
END GROUP
LOAD c:/program files (x86)/microchip/xc32/v2.05/bin/bin/../../lib/gcc/pic32mx/4.8.3\libgcc.a
OUTPUT(dist/default/production/lasttrytoday.X.production.elf elf32-tradlittlemips)
LOAD stack
LOAD data_init

.reginfo        0x00000000       0x18
 .reginfo       0x00000000       0x18 c:/program files (x86)/microchip/xc32/v2.05/bin/bin/../../lib/gcc/pic32mx/4.8.3/../../../../pic32mx/lib/./proc/32MX250F128B/crt0_mips32r2.o

.stack          0xa0000710      0x400
 .stack         0xa0000710      0x400 stack

.bss            0xa0000034       0xf4
 .bss           0xa0000034       0xf4 build/default/production/_ext/610166344/usb_device.o

.data           0xa0000128       0x50
 .data          0xa0000128       0x50 build/default/production/_ext/764219029/drv_usbfs_device.o
                0xa0000128                gDrvUSBFSDeviceInterface

.bss            0xa0000178        0xc
 .bss           0xa0000178        0xc build/default/production/_ext/1360937237/main.o
                0xa0000178                dir

._debug_exception
                0xbfc00480       0x2c
 ._debug_exception
                0xbfc00480       0x2c c:/program files (x86)/microchip/xc32/v2.05/bin/bin/../../lib/gcc/pic32mx/4.8.3/../../../../pic32mx/lib\debug-exception-return.o
                0xbfc00480                __DbgExecReturn

.text._DRV_USBFS_DEVICE_Tasks_ISR
                0x9d000000      0x664
 .text._DRV_USBFS_DEVICE_Tasks_ISR
                0x9d000000      0x664 build/default/production/_ext/764219029/drv_usbfs_device.o
                0x9d000000                _DRV_USBFS_DEVICE_Tasks_ISR

.text.APP_Tasks
                0x9d000664      0x348
 .text.APP_Tasks
                0x9d000664      0x348 build/default/production/_ext/1360937237/app.o
                0x9d000664                APP_Tasks

.text._USB_DEVICE_HID_ControlTransferHandler
                0x9d0009ac      0x2fc
 .text._USB_DEVICE_HID_ControlTransferHandler
                0x9d0009ac      0x2fc build/default/production/_ext/610166344/usb_device_hid.o
                0x9d0009ac                _USB_DEVICE_HID_ControlTransferHandler

.text.DRV_USBFS_DEVICE_IRPSubmit
                0x9d000ca8      0x22c
 .text.DRV_USBFS_DEVICE_IRPSubmit
                0x9d000ca8      0x22c build/default/production/_ext/764219029/drv_usbfs_device.o
                0x9d000ca8                DRV_USBFS_DEVICE_IRPSubmit

.text._USB_DEVICE_ProcessStandardDeviceSetRequests
                0x9d000ed4      0x214
 .text._USB_DEVICE_ProcessStandardDeviceSetRequests
                0x9d000ed4      0x214 build/default/production/_ext/610166344/usb_device.o
                0x9d000ed4                _USB_DEVICE_ProcessStandardDeviceSetRequests

.text._USB_DEVICE_ProcessStandardDeviceGetRequests
                0x9d0010e8      0x20c
 .text._USB_DEVICE_ProcessStandardDeviceGetRequests
                0x9d0010e8      0x20c build/default/production/_ext/610166344/usb_device.o
                0x9d0010e8                _USB_DEVICE_ProcessStandardDeviceGetRequests

.text._USB_DEVICE_EventHandler
                0x9d0012f4      0x1fc
 .text._USB_DEVICE_EventHandler
                0x9d0012f4      0x1fc build/default/production/_ext/610166344/usb_device.o
                0x9d0012f4                _USB_DEVICE_EventHandler

.text._USB_DEVICE_ControlTransferHandler
                0x9d0014f0      0x1fc
 .text._USB_DEVICE_ControlTransferHandler
                0x9d0014f0      0x1fc build/default/production/_ext/610166344/usb_device.o
                0x9d0014f0                _USB_DEVICE_ControlTransferHandler

.text.DRV_USBFS_DEVICE_EndpointStallClear
                0x9d0016ec      0x1c8
 .text.DRV_USBFS_DEVICE_EndpointStallClear
                0x9d0016ec      0x1c8 build/default/production/_ext/764219029/drv_usbfs_device.o
                0x9d0016ec                DRV_USBFS_DEVICE_EndpointStallClear

.text.DRV_USBFS_DEVICE_EndpointStall
                0x9d0018b4      0x1b8
 .text.DRV_USBFS_DEVICE_EndpointStall
                0x9d0018b4      0x1b8 build/default/production/_ext/764219029/drv_usbfs_device.o
                0x9d0018b4                DRV_USBFS_DEVICE_EndpointStall

.text.DRV_USBFS_DEVICE_EndpointEnable
                0x9d001a6c      0x198
 .text.DRV_USBFS_DEVICE_EndpointEnable
                0x9d001a6c      0x198 build/default/production/_ext/764219029/drv_usbfs_device.o
                0x9d001a6c                DRV_USBFS_DEVICE_EndpointEnable

.rodata         0x9d001c04      0x184
 .rodata        0x9d001c04      0x184 build/default/production/_ext/1688732426/system_init.o
                0x9d001c04                usbDevInitData
                0x9d001c38                usbMasterDescriptor
                0x9d001c64                stringDescriptors
                0x9d001c70                sd002
                0x9d001ca0                sd001
                0x9d001cd4                sd000
                0x9d001cd8                fullSpeedConfigDescSet
                0x9d001cdc                fullSpeedConfigurationDescriptor
                0x9d001d08                deviceDescriptor
                0x9d001d1c                funcRegistrationTable
                0x9d001d30                hidInit0
                0x9d001d40                hid_rpt0
                0x9d001d5c                drvUSBFSInit

.text._USB_DEVICE_Ep0ReceiveCompleteCallback
                0x9d001d88      0x184
 .text._USB_DEVICE_Ep0ReceiveCompleteCallback
                0x9d001d88      0x184 build/default/production/_ext/610166344/usb_device.o
                0x9d001d88                _USB_DEVICE_Ep0ReceiveCompleteCallback

.text.USB_DEVICE_Tasks
                0x9d001f0c      0x170
 .text.USB_DEVICE_Tasks
                0x9d001f0c      0x170 build/default/production/_ext/610166344/usb_device.o
                0x9d001f0c                USB_DEVICE_Tasks

.text.USB_DEVICE_HID_ReportSend
                0x9d00207c      0x170
 .text.USB_DEVICE_HID_ReportSend
                0x9d00207c      0x170 build/default/production/_ext/610166344/usb_device_hid.o
                0x9d00207c                USB_DEVICE_HID_ReportSend

.text.USB_DEVICE_HID_ReportReceive
                0x9d0021ec      0x170
 .text.USB_DEVICE_HID_ReportReceive
                0x9d0021ec      0x170 build/default/production/_ext/610166344/usb_device_hid.o
                0x9d0021ec                USB_DEVICE_HID_ReportReceive

.text           0x9d00235c      0x168
 .text          0x9d00235c      0x168 c:/program files (x86)/microchip/xc32/v2.05/bin/bin/../../lib/gcc/pic32mx/4.8.3/../../../../pic32mx/lib\libpic32.a(memcpy.o)
                0x9d00235c                memcpy

.text.USB_DEVICE_Initialize
                0x9d0024c4      0x15c
 .text.USB_DEVICE_Initialize
                0x9d0024c4      0x15c build/default/production/_ext/610166344/usb_device.o
                0x9d0024c4                USB_DEVICE_Initialize

.text.DRV_USBFS_DEVICE_IRPCancelAll
                0x9d002620      0x158
 .text.DRV_USBFS_DEVICE_IRPCancelAll
                0x9d002620      0x158 build/default/production/_ext/764219029/drv_usbfs_device.o
                0x9d002620                DRV_USBFS_DEVICE_IRPCancelAll

.text.DRV_USBFS_DEVICE_EndpointDisable
                0x9d002778      0x140
 .text.DRV_USBFS_DEVICE_EndpointDisable
                0x9d002778      0x140 build/default/production/_ext/764219029/drv_usbfs_device.o
                0x9d002778                DRV_USBFS_DEVICE_EndpointDisable

.text._USB_DEVICE_HID_InitializeByDescriptorType
                0x9d0028b8      0x140
 .text._USB_DEVICE_HID_InitializeByDescriptorType
                0x9d0028b8      0x140 build/default/production/_ext/610166344/usb_device_hid.o
                0x9d0028b8                _USB_DEVICE_HID_InitializeByDescriptorType

.text.DRV_USBFS_Initialize
                0x9d0029f8      0x13c
 .text.DRV_USBFS_Initialize
                0x9d0029f8      0x13c build/default/production/_ext/764219029/drv_usbfs.o
                0x9d0029f8                DRV_USBFS_Initialize

.text._IntHandlerUSBInstance0
                0x9d002b34      0x130
 .text._IntHandlerUSBInstance0
                0x9d002b34      0x130 build/default/production/_ext/1688732426/system_interrupt.o
                0x9d002b34                _IntHandlerUSBInstance0

.text.DRV_USBFS_DEVICE_IRPCancel
                0x9d002c64      0x130
 .text.DRV_USBFS_DEVICE_IRPCancel
                0x9d002c64      0x130 build/default/production/_ext/764219029/drv_usbfs_device.o
                0x9d002c64                DRV_USBFS_DEVICE_IRPCancel

.rodata         0x9d002d94      0x128
 .rodata        0x9d002d94      0x128 build/default/production/_ext/1688732426/system_exceptions.o

.text._USB_DEVICE_ConfigureDevice
                0x9d002ebc      0x100
 .text._USB_DEVICE_ConfigureDevice
                0x9d002ebc      0x100 build/default/production/_ext/610166344/usb_device.o
                0x9d002ebc                _USB_DEVICE_ConfigureDevice

.text._USB_DEVICE_ProcessStandardEndpointRequest
                0x9d002fbc      0x100
 .text._USB_DEVICE_ProcessStandardEndpointRequest
                0x9d002fbc      0x100 build/default/production/_ext/610166344/usb_device.o
                0x9d002fbc                _USB_DEVICE_ProcessStandardEndpointRequest

.text.ADCInterrupt
                0x9d0030bc       0xf0
 .text.ADCInterrupt
                0x9d0030bc       0xf0 build/default/production/_ext/1360937237/main.o
                0x9d0030bc                ADCInterrupt

.dinit          0x9d0031ac       0xf0
 .dinit         0x9d0031ac       0xf0 data_init

.text.APP_USBDeviceHIDEventHandler
                0x9d00329c       0xe0
 .text.APP_USBDeviceHIDEventHandler
                0x9d00329c       0xe0 build/default/production/_ext/1360937237/app.o
                0x9d00329c                APP_USBDeviceHIDEventHandler

.text.general_exception
                0x9d00337c       0xdc
 .text.general_exception
                0x9d00337c       0xdc c:/program files (x86)/microchip/xc32/v2.05/bin/bin/../../lib/gcc/pic32mx/4.8.3/../../../../pic32mx/lib\libpic32.a(general-exception.o)
                0x9d00337c                _general_exception_context

.text._DRV_USBFS_DEVICE_EndpointBDTEntryArm
                0x9d003458       0xd8
 .text._DRV_USBFS_DEVICE_EndpointBDTEntryArm
                0x9d003458       0xd8 build/default/production/_ext/764219029/drv_usbfs_device.o
                0x9d003458                _DRV_USBFS_DEVICE_EndpointBDTEntryArm

.text._USB_DEVICE_GetStringDescriptorRequestProcess
                0x9d003530       0xd4
 .text._USB_DEVICE_GetStringDescriptorRequestProcess
                0x9d003530       0xd4 build/default/production/_ext/610166344/usb_device.o
                0x9d003530                _USB_DEVICE_GetStringDescriptorRequestProcess

.text.APP_USBDeviceEventHandler
                0x9d003604       0xd0
 .text.APP_USBDeviceEventHandler
                0x9d003604       0xd0 build/default/production/_ext/1360937237/app.o
                0x9d003604                APP_USBDeviceEventHandler

.text.SYS_Initialize
                0x9d0036d4       0xc0
 .text.SYS_Initialize
                0x9d0036d4       0xc0 build/default/production/_ext/1688732426/system_init.o
                0x9d0036d4                SYS_Initialize

.text.init      0x9d003794       0xc0
 .text.init     0x9d003794       0xc0 build/default/production/_ext/1360937237/main.o
                0x9d003794                init

.text._USB_DEVICE_Ep0TransmitCompleteCallback
                0x9d003854       0xc0
 .text._USB_DEVICE_Ep0TransmitCompleteCallback
                0x9d003854       0xc0 build/default/production/_ext/610166344/usb_device.o
                0x9d003854                _USB_DEVICE_Ep0TransmitCompleteCallback

.text._USB_DEVICE_HID_ReportSendCallBack
                0x9d003914       0xb0
 .text._USB_DEVICE_HID_ReportSendCallBack
                0x9d003914       0xb0 build/default/production/_ext/610166344/usb_device_hid.o
                0x9d003914                _USB_DEVICE_HID_ReportSendCallBack

.text._USB_DEVICE_HID_ReportReceiveCallBack
                0x9d0039c4       0xb0
 .text._USB_DEVICE_HID_ReportReceiveCallBack
                0x9d0039c4       0xb0 build/default/production/_ext/610166344/usb_device_hid.o
                0x9d0039c4                _USB_DEVICE_HID_ReportReceiveCallBack

.text._USB_DEVICE_DeInitializeAllFunctionDrivers
                0x9d003a74       0xa8
 .text._USB_DEVICE_DeInitializeAllFunctionDrivers
                0x9d003a74       0xa8 build/default/production/_ext/610166344/usb_device.o
                0x9d003a74                _USB_DEVICE_DeInitializeAllFunctionDrivers

.text._USB_DEVICE_ForwardControlXfrToFunction
                0x9d003b1c       0x9c
 .text._USB_DEVICE_ForwardControlXfrToFunction
                0x9d003b1c       0x9c build/default/production/_ext/610166344/usb_device.o
                0x9d003b1c                _USB_DEVICE_ForwardControlXfrToFunction

.text.SYS_PORTS_Initialize
                0x9d003bb8       0x98
 .text.SYS_PORTS_Initialize
                0x9d003bb8       0x98 build/default/production/_ext/822048611/sys_ports_static.o
                0x9d003bb8                SYS_PORTS_Initialize

.text._USB_DEVICE_HID_DeInitialize
                0x9d003c50       0x88
 .text._USB_DEVICE_HID_DeInitialize
                0x9d003c50       0x88 build/default/production/_ext/610166344/usb_device_hid.o
                0x9d003c50                _USB_DEVICE_HID_DeInitialize

.text.main      0x9d003cd8       0x84
 .text.main     0x9d003cd8       0x84 build/default/production/_ext/1360937237/main.o
                0x9d003cd8                main

.text._USB_DEVICE_GetFunctionDriverEntryByInterface
                0x9d003d5c       0x84
 .text._USB_DEVICE_GetFunctionDriverEntryByInterface
                0x9d003d5c       0x84 build/default/production/_ext/610166344/usb_device.o
                0x9d003d5c                _USB_DEVICE_GetFunctionDriverEntryByInterface

.text._USB_DEVICE_FindEndpoint
                0x9d003de0       0x84
 .text._USB_DEVICE_FindEndpoint
                0x9d003de0       0x84 build/default/production/_ext/610166344/usb_device.o
                0x9d003de0                _USB_DEVICE_FindEndpoint

.text.USB_DEVICE_ControlSend
                0x9d003e64       0x84
 .text.USB_DEVICE_ControlSend
                0x9d003e64       0x84 build/default/production/_ext/610166344/usb_device.o
                0x9d003e64                USB_DEVICE_ControlSend

.text.DRV_USBFS_Tasks_ISR
                0x9d003ee8       0x80
 .text.DRV_USBFS_Tasks_ISR
                0x9d003ee8       0x80 build/default/production/_ext/764219029/drv_usbfs.o
                0x9d003ee8                DRV_USBFS_Tasks_ISR

.text.USB_DEVICE_ControlStatus
                0x9d003f68       0x7c
 .text.USB_DEVICE_ControlStatus
                0x9d003f68       0x7c build/default/production/_ext/610166344/usb_device.o
                0x9d003f68                USB_DEVICE_ControlStatus

.text.DRV_USBFS_DEVICE_Attach
                0x9d003fe4       0x70
 .text.DRV_USBFS_DEVICE_Attach
                0x9d003fe4       0x70 build/default/production/_ext/764219029/drv_usbfs_device.o
                0x9d003fe4                DRV_USBFS_DEVICE_Attach

.text.DRV_USBFS_ClientEventCallBackSet
                0x9d004054       0x6c
 .text.DRV_USBFS_ClientEventCallBackSet
                0x9d004054       0x6c build/default/production/_ext/764219029/drv_usbfs.o
                0x9d004054                DRV_USBFS_ClientEventCallBackSet

.text.T2Interrupt
                0x9d0040c0       0x68
 .text.T2Interrupt
                0x9d0040c0       0x68 build/default/production/_ext/1360937237/main.o
                0x9d0040c0                T2Interrupt

.text._DRV_USBFS_DEVICE_IRPQueueFlush
                0x9d004128       0x68
 .text._DRV_USBFS_DEVICE_IRPQueueFlush
                0x9d004128       0x68 build/default/production/_ext/764219029/drv_usbfs_device.o
                0x9d004128                _DRV_USBFS_DEVICE_IRPQueueFlush

.text.USB_DEVICE_EndpointEnable
                0x9d004190       0x5c
 .text.USB_DEVICE_EndpointEnable
                0x9d004190       0x5c build/default/production/_ext/610166344/usb_device.o
                0x9d004190                USB_DEVICE_EndpointEnable

.text.SYS_CLK_Initialize
                0x9d0041ec       0x58
 .text.SYS_CLK_Initialize
                0x9d0041ec       0x58 build/default/production/_ext/639803181/sys_clk_pic32mx.o
                0x9d0041ec                SYS_CLK_Initialize

.text.SYS_DEVCON_SystemUnlock
                0x9d004244       0x58
 .text.SYS_DEVCON_SystemUnlock
                0x9d004244       0x58 build/default/production/_ext/340578644/sys_devcon.o
                0x9d004244                SYS_DEVCON_SystemUnlock

.text.SYS_DEVCON_PerformanceConfig
                0x9d00429c       0x58
 .text.SYS_DEVCON_PerformanceConfig
                0x9d00429c       0x58 build/default/production/_ext/340578644/sys_devcon_pic32mx.o
                0x9d00429c                SYS_DEVCON_PerformanceConfig

.text.USB_DEVICE_EventHandlerSet
                0x9d0042f4       0x58
 .text.USB_DEVICE_EventHandlerSet
                0x9d0042f4       0x58 build/default/production/_ext/610166344/usb_device.o
                0x9d0042f4                USB_DEVICE_EventHandlerSet

.text.USB_DEVICE_IRPSubmit
                0x9d00434c       0x58
 .text.USB_DEVICE_IRPSubmit
                0x9d00434c       0x58 build/default/production/_ext/610166344/usb_device.o
                0x9d00434c                USB_DEVICE_IRPSubmit

.text.main_entry
                0x9d0043a4       0x54
 .text.main_entry
                0x9d0043a4       0x54 c:/program files (x86)/microchip/xc32/v2.05/bin/bin/../../lib/gcc/pic32mx/4.8.3/../../../../pic32mx/lib/./proc/32MX250F128B/crt0_mips32r2.o
                0x9d0043d8                __crt0_exit

.text.SYS_INT_SourceDisable
                0x9d0043f8       0x54
 .text.SYS_INT_SourceDisable
                0x9d0043f8       0x54 build/default/production/_ext/122796885/sys_int_pic32.o
                0x9d0043f8                SYS_INT_SourceDisable

.text.APP_Initialize
                0x9d00444c       0x50
 .text.APP_Initialize
                0x9d00444c       0x50 build/default/production/_ext/1360937237/app.o
                0x9d00444c                APP_Initialize

.text.USB_DEVICE_Detach
                0x9d00449c       0x50
 .text.USB_DEVICE_Detach
                0x9d00449c       0x50 build/default/production/_ext/610166344/usb_device.o
                0x9d00449c                USB_DEVICE_Detach

.text.DRV_USBFS_DEVICE_Detach
                0x9d0044ec       0x4c
 .text.DRV_USBFS_DEVICE_Detach
                0x9d0044ec       0x4c build/default/production/_ext/764219029/drv_usbfs_device.o
                0x9d0044ec                DRV_USBFS_DEVICE_Detach

.text.DRV_USBFS_DEVICE_EndpointIsEnabled
                0x9d004538       0x4c
 .text.DRV_USBFS_DEVICE_EndpointIsEnabled
                0x9d004538       0x4c build/default/production/_ext/764219029/drv_usbfs_device.o
                0x9d004538                DRV_USBFS_DEVICE_EndpointIsEnabled

.text.DRV_USBFS_DEVICE_EndpointIsStalled
                0x9d004584       0x4c
 .text.DRV_USBFS_DEVICE_EndpointIsStalled
                0x9d004584       0x4c build/default/production/_ext/764219029/drv_usbfs_device.o
                0x9d004584                DRV_USBFS_DEVICE_EndpointIsStalled

.text.USB_DEVICE_Open
                0x9d0045d0       0x4c
 .text.USB_DEVICE_Open
                0x9d0045d0       0x4c build/default/production/_ext/610166344/usb_device.o
                0x9d0045d0                USB_DEVICE_Open

.text._USB_DEVICE_RedirectControlXfrToClient
                0x9d00461c       0x4c
 .text._USB_DEVICE_RedirectControlXfrToClient
                0x9d00461c       0x4c build/default/production/_ext/610166344/usb_device.o
                0x9d00461c                _USB_DEVICE_RedirectControlXfrToClient

.text.USB_DEVICE_HID_EventHandlerSet
                0x9d004668       0x4c
 .text.USB_DEVICE_HID_EventHandlerSet
                0x9d004668       0x4c build/default/production/_ext/610166344/usb_device_hid.o
                0x9d004668                USB_DEVICE_HID_EventHandlerSet

.text.SYS_DEVCON_SystemLock
                0x9d0046b4       0x48
 .text.SYS_DEVCON_SystemLock
                0x9d0046b4       0x48 build/default/production/_ext/340578644/sys_devcon.o
                0x9d0046b4                SYS_DEVCON_SystemLock

.text.USB_DEVICE_Attach
                0x9d0046fc       0x48
 .text.USB_DEVICE_Attach
                0x9d0046fc       0x48 build/default/production/_ext/610166344/usb_device.o
                0x9d0046fc                USB_DEVICE_Attach

.text.USB_DEVICE_EndpointDisable
                0x9d004744       0x48
 .text.USB_DEVICE_EndpointDisable
                0x9d004744       0x48 build/default/production/_ext/610166344/usb_device.o
                0x9d004744                USB_DEVICE_EndpointDisable

.text.USB_DEVICE_IRPCancelAll
                0x9d00478c       0x48
 .text.USB_DEVICE_IRPCancelAll
                0x9d00478c       0x48 build/default/production/_ext/610166344/usb_device.o
                0x9d00478c                USB_DEVICE_IRPCancelAll

.text._bootstrap_exception_handler
                0x9d0047d4       0x48
 .text._bootstrap_exception_handler
                0x9d0047d4       0x48 c:/program files (x86)/microchip/xc32/v2.05/bin/bin/../../lib/gcc/pic32mx/4.8.3/../../../../pic32mx/lib\libpic32.a(default-bootstrap-exception-handler.o)
                0x9d0047d4                _bootstrap_exception_handler

.vector_default
                0x9d00481c       0x48
 .vector_default
                0x9d00481c       0x48 c:/program files (x86)/microchip/xc32/v2.05/bin/bin/../../lib/gcc/pic32mx/4.8.3/../../../../pic32mx/lib\libpic32.a(defaultinterrupt.o)
                0x9d00481c                _DefaultInterrupt

.text.DRV_USBFS_Open
                0x9d004864       0x44
 .text.DRV_USBFS_Open
                0x9d004864       0x44 build/default/production/_ext/764219029/drv_usbfs.o
                0x9d004864                DRV_USBFS_Open

.text           0x9d0048a8       0x44
 .text          0x9d0048a8       0x44 c:/program files (x86)/microchip/xc32/v2.05/bin/bin/../../lib/gcc/pic32mx/4.8.3/../../../../pic32mx/lib\pic32_software_reset.o
                0x9d0048a8                __pic32_software_reset

.text._general_exception_handler
                0x9d0048ec       0x40
 .text._general_exception_handler
                0x9d0048ec       0x40 build/default/production/_ext/1688732426/system_exceptions.o
                0x9d0048ec                _general_exception_handler

.text.DRV_USBFS_DEVICE_SOFNumberGet
                0x9d00492c       0x34
 .text.DRV_USBFS_DEVICE_SOFNumberGet
                0x9d00492c       0x34 build/default/production/_ext/764219029/drv_usbfs_device.o
                0x9d00492c                DRV_USBFS_DEVICE_SOFNumberGet

.text.SYS_Tasks
                0x9d004960       0x2c
 .text.SYS_Tasks
                0x9d004960       0x2c build/default/production/_ext/1688732426/system_tasks.o
                0x9d004960                SYS_Tasks

.text.DRV_USBFS_Close
                0x9d00498c       0x2c
 .text.DRV_USBFS_Close
                0x9d00498c       0x2c build/default/production/_ext/764219029/drv_usbfs.o
                0x9d00498c                DRV_USBFS_Close

.text._DRV_USBFS_DEVICE_Initialize
                0x9d0049b8       0x2c
 .text._DRV_USBFS_DEVICE_Initialize
                0x9d0049b8       0x2c build/default/production/_ext/764219029/drv_usbfs_device.o
                0x9d0049b8                _DRV_USBFS_DEVICE_Initialize

.text.DRV_USBFS_DEVICE_AddressSet
                0x9d0049e4       0x28
 .text.DRV_USBFS_DEVICE_AddressSet
                0x9d0049e4       0x28 build/default/production/_ext/764219029/drv_usbfs_device.o
                0x9d0049e4                DRV_USBFS_DEVICE_AddressSet

.text.DRV_USBFS_DEVICE_RemoteWakeupStart
                0x9d004a0c       0x28
 .text.DRV_USBFS_DEVICE_RemoteWakeupStart
                0x9d004a0c       0x28 build/default/production/_ext/764219029/drv_usbfs_device.o
                0x9d004a0c                DRV_USBFS_DEVICE_RemoteWakeupStart

.text.DRV_USBFS_DEVICE_RemoteWakeupStop
                0x9d004a34       0x28
 .text.DRV_USBFS_DEVICE_RemoteWakeupStop
                0x9d004a34       0x28 build/default/production/_ext/764219029/drv_usbfs_device.o
                0x9d004a34                DRV_USBFS_DEVICE_RemoteWakeupStop

.text._USB_DEVICE_ClientHandleValidate
                0x9d004a5c       0x28
 .text._USB_DEVICE_ClientHandleValidate
                0x9d004a5c       0x28 build/default/production/_ext/610166344/usb_device.o
                0x9d004a5c                _USB_DEVICE_ClientHandleValidate

.text._USB_DEVICE_HID_GlobalInitialize
                0x9d004a84       0x20
 .text._USB_DEVICE_HID_GlobalInitialize
                0x9d004a84       0x20 build/default/production/_ext/610166344/usb_device_hid.o
                0x9d004a84                _USB_DEVICE_HID_GlobalInitialize

.text.SYS_INT_StatusGetAndDisable
                0x9d004aa4       0x1c
 .text.SYS_INT_StatusGetAndDisable
                0x9d004aa4       0x1c build/default/production/_ext/122796885/sys_int_pic32.o
                0x9d004aa4                SYS_INT_StatusGetAndDisable

.text.SYS_INT_StatusRestore
                0x9d004ac0       0x1c
 .text.SYS_INT_StatusRestore
                0x9d004ac0       0x1c build/default/production/_ext/122796885/sys_int_pic32.o
                0x9d004ac0                SYS_INT_StatusRestore

.text           0x9d004adc       0x18
 .text          0x9d004adc       0x18 c:/program files (x86)/microchip/xc32/v2.05/bin/bin/../../lib/gcc/pic32mx/4.8.3/../../../../pic32mx/lib\libpic32.a(default-nmi-handler.o)
                0x9d004adc                _nmi_handler

.text.SYS_DEVCON_Initialize
                0x9d004af4       0x14
 .text.SYS_DEVCON_Initialize
                0x9d004af4       0x14 build/default/production/_ext/340578644/sys_devcon.o
                0x9d004af4                SYS_DEVCON_Initialize

.text.DRV_USBFS_DEVICE_CurrentSpeedGet
                0x9d004b08       0x14
 .text.DRV_USBFS_DEVICE_CurrentSpeedGet
                0x9d004b08       0x14 build/default/production/_ext/764219029/drv_usbfs_device.o
                0x9d004b08                DRV_USBFS_DEVICE_CurrentSpeedGet

.text.SYS_INT_Initialize
                0x9d004b1c       0x14
 .text.SYS_INT_Initialize
                0x9d004b1c       0x14 build/default/production/_ext/122796885/sys_int_pic32.o
                0x9d004b1c                SYS_INT_Initialize

.rodata         0x9d004b30       0x14
 .rodata        0x9d004b30       0x14 build/default/production/_ext/610166344/usb_device_hid.o
                0x9d004b30                hidFuncDriver

.text.SYS_CLK_SystemFrequencyGet
                0x9d004b44        0xc
 .text.SYS_CLK_SystemFrequencyGet
                0x9d004b44        0xc build/default/production/_ext/639803181/sys_clk_pic32mx.o
                0x9d004b44                SYS_CLK_SystemFrequencyGet

.text.DRV_USBFS_Tasks
                0x9d004b50        0x8
 .text.DRV_USBFS_Tasks
                0x9d004b50        0x8 build/default/production/_ext/764219029/drv_usbfs.o
                0x9d004b50                DRV_USBFS_Tasks

.text._on_reset
                0x9d004b58        0x8
 .text._on_reset
                0x9d004b58        0x8 c:/program files (x86)/microchip/xc32/v2.05/bin/bin/../../lib/gcc/pic32mx/4.8.3/../../../../pic32mx/lib\libpic32.a(default-on-reset.o)
                0x9d004b58                _on_reset

.text._on_bootstrap
                0x9d004b60        0x8
 .text._on_bootstrap
                0x9d004b60        0x8 c:/program files (x86)/microchip/xc32/v2.05/bin/bin/../../lib/gcc/pic32mx/4.8.3/../../../../pic32mx/lib\libpic32.a(default-on-bootstrap.o)
                0x9d004b60                _on_bootstrap
